#
# There is insufficient memory for the Java Runtime Environment to continue.
# Native memory allocation (mmap) failed to map 1073741824 bytes for G1 virtual space
# Possible reasons:
#   The system is out of physical RAM or swap space
#   The process is running with CompressedOops enabled, and the Java Heap may be blocking the growth of the native heap
# Possible solutions:
#   Reduce memory load on the system
#   Increase physical memory or swap space
#   Check if swap backing store is full
#   Decrease Java heap size (-Xmx/-Xms)
#   Decrease number of Java threads
#   Decrease Java thread stack sizes (-Xss)
#   Set larger code cache with -XX:ReservedCodeCacheSize=
#   JVM is running with Unscaled Compressed Oops mode in which the Java heap is
#     placed in the first 4GB address space. The Java Heap base address is the
#     maximum limit for the native heap growth. Please use -XX:HeapBaseMinAddress
#     to set the Java Heap base and to place the Java Heap above 4GB virtual address.
# This output file may be truncated or incomplete.
#
#  Out of Memory Error (os_windows.cpp:3530), pid=12904, tid=13480
#
# JRE version:  (18.0.2+9) (build )
# Java VM: OpenJDK 64-Bit Server VM (18.0.2+9-FR, mixed mode, sharing, tiered, compressed oops, compressed class ptrs, g1 gc, windows-amd64)
# No core dump will be written. Minidumps are not enabled by default on client versions of Windows
#

---------------  S U M M A R Y ------------

Command Line: -Dfile.encoding=UTF-8 -Dscala.ext.dirs=C:\Users\bouac\.sbt\1.0\java9-rt-ext-amazon_com_inc__18_0_2 -Xms1024m -Xmx1024m -Xss4M -XX:ReservedCodeCacheSize=128m xsbt.boot.Boot run

Host: 11th Gen Intel(R) Core(TM) i3-1115G4 @ 3.00GHz, 4 cores, 7G,  Windows 11 , 64 bit Build 26100 (10.0.26100.7705)
Time: Thu Feb 26 12:31:30 2026 Paris, Madrid elapsed time: 0.083060 seconds (0d 0h 0m 0s)

---------------  T H R E A D  ---------------

Current thread (0x0000028a6f144160):  JavaThread "Unknown thread" [_thread_in_vm, id=13480, stack(0x000000a55e600000,0x000000a55ea00000)]

Stack: [0x000000a55e600000,0x000000a55ea00000]
Native frames: (J=compiled Java code, j=interpreted, Vv=VM code, C=native code)
V  [jvm.dll+0x685a2a]
V  [jvm.dll+0x82ae8d]
V  [jvm.dll+0x82c75e]
V  [jvm.dll+0x82ce03]
V  [jvm.dll+0x25ef4b]
V  [jvm.dll+0x6828ca]
V  [jvm.dll+0x67745a]
V  [jvm.dll+0x3243f9]
V  [jvm.dll+0x32ba86]
V  [jvm.dll+0x37e00a]
V  [jvm.dll+0x37e24f]
V  [jvm.dll+0x2fb50a]
V  [jvm.dll+0x2fc581]
V  [jvm.dll+0x7fb300]
V  [jvm.dll+0x38af71]
V  [jvm.dll+0x7dab95]
V  [jvm.dll+0x4058f3]
V  [jvm.dll+0x4072b1]
C  [jli.dll+0x519f]
C  [ucrtbase.dll+0x37b0]
C  [KERNEL32.DLL+0x2e8d7]
C  [ntdll.dll+0x8c40c]


---------------  P R O C E S S  ---------------

Threads class SMR info:
_java_thread_list=0x00007ffc49139610, length=0, elements={
}

Java Threads: ( => current thread )

Other Threads:
  0x0000028a6f1852e0 WorkerThread "GC Thread#0" [stack: 0x000000a55ea00000,0x000000a55eb00000] [id=22804]
  0x0000028a6f18e210 ConcurrentGCThread "G1 Main Marker" [stack: 0x000000a55eb00000,0x000000a55ec00000] [id=23368]
  0x0000028a6f18ed60 WorkerThread "G1 Conc#0" [stack: 0x000000a55ec00000,0x000000a55ed00000] [id=5992]

[error occurred during error reporting (printing all threads), id 0xc0000005, EXCEPTION_ACCESS_VIOLATION (0xc0000005) at pc=0x00007ffc4890c5c7]

VM state: not at safepoint (not fully initialized)

VM Mutex/Monitor currently owned by a thread:  ([mutex/lock_event])
[0x0000028a6f142a10] Heap_lock - owner thread: 0x0000028a6f144160

Heap address: 0x00000000c0000000, size: 1024 MB, Compressed Oops mode: 32-bit

CDS archive(s) mapped at: [0x0000000000000000-0x0000000000000000-0x0000000000000000), size 0, SharedBaseAddress: 0x0000000800000000, ArchiveRelocationMode: 0.
Narrow klass base: 0x0000000000000000, Narrow klass shift: 0, Narrow klass range: 0x0

GC Precious Log:
 CardTable entry size: 512
 Card Set container configuration: InlinePtr #cards 5 size 8 Array Of Cards #cards 12 size 40 Howl #buckets 4 coarsen threshold 1843 Howl Bitmap #cards 512 size 80 coarsen threshold 460 Card regions per heap region 1 cards per card region 2048

Heap:
 garbage-first heap   total 0K, used 0K [0x00000000c0000000, 0x0000000100000000)
  region size 1024K, 0 young (0K), 0 survivors (0K)

[error occurred during error reporting (printing heap information), id 0xc0000005, EXCEPTION_ACCESS_VIOLATION (0xc0000005) at pc=0x00007ffc48cdd5a9]

GC Heap History (0 events):
No events

Deoptimization events (0 events):
No events

Classes loaded (0 events):
No events

Classes unloaded (0 events):
No events

Classes redefined (0 events):
No events

Internal exceptions (0 events):
No events

VM Operations (0 events):
No events

Events (1 events):
Event: 0.006 Loaded shared library C:\Users\bouac\.jdks\corretto-18.0.2\bin\java.dll


Dynamic libraries:
0x00007ff64de10000 - 0x00007ff64de1d000 	C:\Users\bouac\.jdks\corretto-18.0.2\bin\java.exe
0x00007ffcf5140000 - 0x00007ffcf53a8000 	C:\WINDOWS\SYSTEM32\ntdll.dll
0x00007ffcd6c70000 - 0x00007ffcd6c90000 	C:\Program Files\Avast Software\Avast\aswhook.dll
0x00007ffcf3510000 - 0x00007ffcf35d9000 	C:\WINDOWS\System32\KERNEL32.DLL
0x00007ffcf2ae0000 - 0x00007ffcf2ed1000 	C:\WINDOWS\System32\KERNELBASE.dll
0x00007ffcf2860000 - 0x00007ffcf29ab000 	C:\WINDOWS\System32\ucrtbase.dll
0x00007ffce1320000 - 0x00007ffce1337000 	C:\Users\bouac\.jdks\corretto-18.0.2\bin\jli.dll
0x00007ffceecd0000 - 0x00007ffceece5000 	C:\Users\bouac\.jdks\corretto-18.0.2\bin\VCRUNTIME140.dll
0x00007ffcf4be0000 - 0x00007ffcf4da6000 	C:\WINDOWS\System32\USER32.dll
0x00007ffcf2600000 - 0x00007ffcf2627000 	C:\WINDOWS\System32\win32u.dll
0x00007ffccab30000 - 0x00007ffccadc3000 	C:\WINDOWS\WinSxS\amd64_microsoft.windows.common-controls_6595b64144ccf1df_6.0.26100.7824_none_3e0870b2e3345462\COMCTL32.dll
0x00007ffcf3bd0000 - 0x00007ffcf3bfb000 	C:\WINDOWS\System32\GDI32.dll
0x00007ffcf3460000 - 0x00007ffcf3509000 	C:\WINDOWS\System32\msvcrt.dll
0x00007ffcf29b0000 - 0x00007ffcf2adb000 	C:\WINDOWS\System32\gdi32full.dll
0x00007ffcf2630000 - 0x00007ffcf26d3000 	C:\WINDOWS\System32\msvcp_win.dll
0x00007ffcf4ba0000 - 0x00007ffcf4bd1000 	C:\WINDOWS\System32\IMM32.DLL
0x00007ffca89e0000 - 0x00007ffca8a7b000 	C:\Users\bouac\.jdks\corretto-18.0.2\bin\msvcp140.dll
0x00007ffc48600000 - 0x00007ffc49271000 	C:\Users\bouac\.jdks\corretto-18.0.2\bin\server\jvm.dll
0x00007ffcf3a90000 - 0x00007ffcf3b44000 	C:\WINDOWS\System32\ADVAPI32.dll
0x00007ffcf3c00000 - 0x00007ffcf3ca6000 	C:\WINDOWS\System32\sechost.dll
0x00007ffcf2f40000 - 0x00007ffcf3058000 	C:\WINDOWS\System32\RPCRT4.dll
0x00007ffcf40a0000 - 0x00007ffcf40a8000 	C:\WINDOWS\System32\PSAPI.DLL
0x00007ffcd3b70000 - 0x00007ffcd3b7a000 	C:\WINDOWS\SYSTEM32\WSOCK32.dll
0x00007ffcea4e0000 - 0x00007ffcea515000 	C:\WINDOWS\SYSTEM32\WINMM.dll
0x00007ffcf5080000 - 0x00007ffcf50f4000 	C:\WINDOWS\System32\WS2_32.dll
0x00007ffcdf710000 - 0x00007ffcdf71b000 	C:\WINDOWS\SYSTEM32\VERSION.dll
0x00007ffcf07c0000 - 0x00007ffcf07db000 	C:\WINDOWS\SYSTEM32\kernel.appcore.dll
0x00007ffcc8390000 - 0x00007ffcc839a000 	C:\Users\bouac\.jdks\corretto-18.0.2\bin\jimage.dll
0x00007ffcef8a0000 - 0x00007ffcefae2000 	C:\WINDOWS\SYSTEM32\DBGHELP.DLL
0x00007ffcf40b0000 - 0x00007ffcf4436000 	C:\WINDOWS\System32\combase.dll
0x00007ffcf3e10000 - 0x00007ffcf3ee7000 	C:\WINDOWS\System32\OLEAUT32.dll
0x00007ffcdf110000 - 0x00007ffcdf14b000 	C:\WINDOWS\SYSTEM32\dbgcore.DLL
0x00007ffcf1ae0000 - 0x00007ffcf1b85000 	C:\WINDOWS\System32\bcryptPrimitives.dll
0x00007ffca89b0000 - 0x00007ffca89d5000 	C:\Users\bouac\.jdks\corretto-18.0.2\bin\java.dll

dbghelp: loaded successfully - version: 4.0.5 - missing functions: none
symbol engine: initialized successfully - sym options: 0x614 - pdb path: .;C:\Users\bouac\.jdks\corretto-18.0.2\bin;C:\WINDOWS\SYSTEM32;C:\Program Files\Avast Software\Avast;C:\WINDOWS\WinSxS\amd64_microsoft.windows.common-controls_6595b64144ccf1df_6.0.26100.7824_none_3e0870b2e3345462;C:\Users\bouac\.jdks\corretto-18.0.2\bin\server

VM Arguments:
jvm_args: -Dfile.encoding=UTF-8 -Dscala.ext.dirs=C:\Users\bouac\.sbt\1.0\java9-rt-ext-amazon_com_inc__18_0_2 -Xms1024m -Xmx1024m -Xss4M -XX:ReservedCodeCacheSize=128m 
java_command: xsbt.boot.Boot run
java_class_path (initial): C:\Users\bouac\Downloads\sbt\sbt\bin\sbt-launch.jar
Launcher Type: SUN_STANDARD

[Global flags]
     intx CICompilerCount                          = 3                                         {product} {ergonomic}
     uint ConcGCThreads                            = 1                                         {product} {ergonomic}
     uint G1ConcRefinementThreads                  = 4                                         {product} {ergonomic}
   size_t G1HeapRegionSize                         = 1048576                                   {product} {ergonomic}
    uintx GCDrainStackTargetSize                   = 64                                        {product} {ergonomic}
   size_t InitialHeapSize                          = 1073741824                                {product} {command line}
   size_t MarkStackSize                            = 4194304                                   {product} {ergonomic}
   size_t MaxHeapSize                              = 1073741824                                {product} {command line}
   size_t MinHeapDeltaBytes                        = 1048576                                   {product} {ergonomic}
   size_t MinHeapSize                              = 1073741824                                {product} {command line}
    uintx NonProfiledCodeHeapSize                  = 0                                      {pd product} {ergonomic}
    uintx ProfiledCodeHeapSize                     = 0                                      {pd product} {ergonomic}
    uintx ReservedCodeCacheSize                    = 134217728                              {pd product} {command line}
   size_t SoftMaxHeapSize                          = 1073741824                             {manageable} {ergonomic}
     intx ThreadStackSize                          = 4096                                   {pd product} {command line}
     bool UseCompressedClassPointers               = true                           {product lp64_product} {ergonomic}
     bool UseCompressedOops                        = true                           {product lp64_product} {ergonomic}
     bool UseG1GC                                  = true                                      {product} {ergonomic}
     bool UseLargePagesIndividualAllocation        = false                                  {pd product} {ergonomic}

Logging:
Log output configuration:
 #0: stdout all=warning uptime,level,tags foldmultilines=false
 #1: stderr all=off uptime,level,tags foldmultilines=false

Environment Variables:
JAVA_HOME=C:\Users\bouac\.jdks\corretto-18.0.2
PATH=C:\Users\bouac\.jdks\corretto-18.0.2\bin;C:\Program Files\Docker\Docker\resources\bin;C:\Program Files\Git\cmd;C:\Windows\System32;C:\Windows;C:\Windows\System32\Wbem;C:\Windows\System32\WindowsPowerShell\v1.0\;C:\Windows\System32\OpenSSH\;C:\Program Files\Docker\Docker\resources\bin;C:\Users\bouac\Downloads\sbt\sbt\bin;C:\Users\bouac\.jdks\corretto-18.0.2\bin
USERNAME=bouac
OS=Windows_NT
PROCESSOR_IDENTIFIER=Intel64 Family 6 Model 140 Stepping 1, GenuineIntel



---------------  S Y S T E M  ---------------

OS:
 Windows 11 , 64 bit Build 26100 (10.0.26100.7705)
OS uptime: 2 days 2:20 hours
Hyper-V role detected

CPU: total 4 (initial active 4) (2 cores per cpu, 2 threads per core) family 6 model 140 stepping 1 microcode 0xb4, cx8, cmov, fxsr, ht, mmx, 3dnowpref, sse, sse2, sse3, ssse3, sse4.1, sse4.2, popcnt, lzcnt, tsc, tscinvbit, avx, avx2, aes, erms, clmul, bmi1, bmi2, adx, avx512f, avx512dq, avx512cd, avx512bw, avx512vl, sha, fma, vzeroupper, avx512_vpopcntdq, avx512_vpclmulqdq, avx512_vaes, avx512_vnni, clflush, clflushopt, clwb, avx512_vbmi2, avx512_vbmi, hv

Memory: 4k page, system-wide physical 7834M (1110M free)
TotalPageFile size 16153M (AvailPageFile size 1023M)
current process WorkingSet (physical memory assigned to process): 12M, peak: 12M
current process commit charge ("private bytes"): 47M, peak: 1071M

vm_info: OpenJDK 64-Bit Server VM (18.0.2+9-FR) for windows-amd64 JRE (18.0.2+9-FR), built on Jul 15 2022 20:03:03 by "Administrator" with MS VC++ 15.9 (VS2017)

END.
