2026-02-26 08:19:42.551 [INFO ] eeg.parser.CSVParser$ - Démarrage du parsing : src/main/resources/dataset/EEG.machinelearing_data_BRMH.csv
2026-02-26 08:19:43.579 [INFO ] eeg.parser.CSVParser$ - 945 lignes trouvées dans le CSV
2026-02-26 08:19:43.587 [INFO ] eeg.parser.CSVParser$ - Features AB: 114, Features COH: 1026
2026-02-26 08:19:43.661 [WARN ] eeg.parser.CSVParser$ - Ligne ignorée (id=32) : Valeur non entière pour age : '19.7'
2026-02-26 08:19:43.664 [WARN ] eeg.parser.CSVParser$ - Ligne ignorée (id=33) : Valeur non entière pour age : '19.94'
2026-02-26 08:19:43.664 [WARN ] eeg.parser.CSVParser$ - Ligne ignorée (id=34) : Valeur non entière pour age : '19.26'
2026-02-26 08:19:43.666 [WARN ] eeg.parser.CSVParser$ - Ligne ignorée (id=35) : Valeur non entière pour age : '25.61'
2026-02-26 08:19:43.666 [WARN ] eeg.parser.CSVParser$ - Ligne ignorée (id=36) : Valeur non entière pour age : '24.58'
2026-02-26 08:19:43.666 [WARN ] eeg.parser.CSVParser$ - Ligne ignorée (id=37) : Valeur non entière pour age : '30.34'
2026-02-26 08:19:43.669 [WARN ] eeg.parser.CSVParser$ - Ligne ignorée (id=38) : Valeur non entière pour age : '40.28'
2026-02-26 08:19:43.669 [WARN ] eeg.parser.CSVParser$ - Ligne ignorée (id=39) : Valeur non entière pour age : '19.47'
2026-02-26 08:19:43.669 [WARN ] eeg.parser.CSVParser$ - Ligne ignorée (id=40) : Valeur non entière pour age : '21.68'
2026-02-26 08:19:43.669 [WARN ] eeg.parser.CSVParser$ - Ligne ignorée (id=41) : Valeur non entière pour age : '46.84'
2026-02-26 08:19:43.669 [WARN ] eeg.parser.CSVParser$ - Ligne ignorée (id=42) : Valeur non entière pour age : '26.56'
2026-02-26 08:19:43.671 [WARN ] eeg.parser.CSVParser$ - Ligne ignorée (id=43) : Valeur non entière pour age : '32.94'
2026-02-26 08:19:43.671 [WARN ] eeg.parser.CSVParser$ - Ligne ignorée (id=44) : Valeur non entière pour age : '22.65'
2026-02-26 08:19:43.671 [WARN ] eeg.parser.CSVParser$ - Ligne ignorée (id=45) : Valeur non entière pour age : '21.24'
2026-02-26 08:19:43.671 [WARN ] eeg.parser.CSVParser$ - Ligne ignorée (id=46) : Valeur non entière pour age : '26.13'
2026-02-26 08:19:43.673 [WARN ] eeg.parser.CSVParser$ - Ligne ignorée (id=47) : Valeur non entière pour age : '23.6'
2026-02-26 08:19:43.673 [WARN ] eeg.parser.CSVParser$ - Ligne ignorée (id=48) : Valeur non entière pour age : '54.82'
2026-02-26 08:19:43.673 [WARN ] eeg.parser.CSVParser$ - Ligne ignorée (id=49) : Valeur non entière pour age : '26.15'
2026-02-26 08:19:43.673 [WARN ] eeg.parser.CSVParser$ - Ligne ignorée (id=50) : Valeur non entière pour age : '28.26'
2026-02-26 08:19:43.673 [WARN ] eeg.parser.CSVParser$ - Ligne ignorée (id=51) : Valeur non entière pour age : '30.19'
2026-02-26 08:19:43.673 [WARN ] eeg.parser.CSVParser$ - Ligne ignorée (id=52) : Valeur non entière pour age : '23.01'
2026-02-26 08:19:43.673 [WARN ] eeg.parser.CSVParser$ - Ligne ignorée (id=53) : Valeur non entière pour age : '46.01'
2026-02-26 08:19:43.673 [WARN ] eeg.parser.CSVParser$ - Ligne ignorée (id=54) : Valeur non entière pour age : '50.48'
2026-02-26 08:19:43.673 [WARN ] eeg.parser.CSVParser$ - Ligne ignorée (id=55) : Valeur non entière pour age : '28.01'
2026-02-26 08:19:43.676 [WARN ] eeg.parser.CSVParser$ - Ligne ignorée (id=56) : Valeur non entière pour age : '31.9'
2026-02-26 08:19:43.676 [WARN ] eeg.parser.CSVParser$ - Ligne ignorée (id=57) : Valeur non entière pour age : '26.01'
2026-02-26 08:19:43.676 [WARN ] eeg.parser.CSVParser$ - Ligne ignorée (id=58) : Valeur non entière pour age : '21.25'
2026-02-26 08:19:43.676 [WARN ] eeg.parser.CSVParser$ - Ligne ignorée (id=59) : Valeur non entière pour age : '28.77'
2026-02-26 08:19:43.676 [WARN ] eeg.parser.CSVParser$ - Ligne ignorée (id=60) : Valeur non entière pour age : '26.28'
2026-02-26 08:19:43.689 [WARN ] eeg.parser.CSVParser$ - Ligne ignorée (id=90) : Valeur non entière pour age : '32.87'
2026-02-26 08:19:43.691 [WARN ] eeg.parser.CSVParser$ - Ligne ignorée (id=91) : Valeur non entière pour age : '20.24'
2026-02-26 08:19:43.691 [WARN ] eeg.parser.CSVParser$ - Ligne ignorée (id=92) : Valeur non entière pour age : '19.89'
2026-02-26 08:19:43.691 [WARN ] eeg.parser.CSVParser$ - Ligne ignorée (id=93) : Valeur non entière pour age : '39.18'
2026-02-26 08:19:43.691 [WARN ] eeg.parser.CSVParser$ - Ligne ignorée (id=94) : Valeur non entière pour age : '28.42'
2026-02-26 08:19:43.691 [WARN ] eeg.parser.CSVParser$ - Ligne ignorée (id=95) : Valeur non entière pour age : '21.07'
2026-02-26 08:19:43.694 [WARN ] eeg.parser.CSVParser$ - Ligne ignorée (id=96) : Valeur non entière pour age : '20.48'
2026-02-26 08:19:43.694 [WARN ] eeg.parser.CSVParser$ - Ligne ignorée (id=97) : Valeur non entière pour age : '20.55'
2026-02-26 08:19:43.694 [WARN ] eeg.parser.CSVParser$ - Ligne ignorée (id=98) : Valeur non entière pour age : '38.71'
2026-02-26 08:19:43.694 [WARN ] eeg.parser.CSVParser$ - Ligne ignorée (id=99) : Valeur non entière pour age : '56.55'
2026-02-26 08:19:43.694 [WARN ] eeg.parser.CSVParser$ - Ligne ignorée (id=100) : Valeur non entière pour age : '21.84'
2026-02-26 08:19:43.695 [WARN ] eeg.parser.CSVParser$ - Ligne ignorée (id=101) : Valeur non entière pour age : '25.36'
2026-02-26 08:19:43.696 [WARN ] eeg.parser.CSVParser$ - Ligne ignorée (id=102) : Valeur non entière pour age : '34.03'
2026-02-26 08:19:43.700 [WARN ] eeg.parser.CSVParser$ - Ligne ignorée (id=103) : Valeur non entière pour age : '23.59'
2026-02-26 08:19:43.700 [WARN ] eeg.parser.CSVParser$ - Ligne ignorée (id=104) : Valeur non entière pour age : '46.78'
2026-02-26 08:19:43.700 [WARN ] eeg.parser.CSVParser$ - Ligne ignorée (id=105) : Valeur non entière pour age : '24.68'
2026-02-26 08:19:43.700 [WARN ] eeg.parser.CSVParser$ - Ligne ignorée (id=106) : Valeur non entière pour age : '40.94'
2026-02-26 08:19:43.700 [WARN ] eeg.parser.CSVParser$ - Ligne ignorée (id=107) : Valeur non entière pour age : '25.97'
2026-02-26 08:19:43.700 [WARN ] eeg.parser.CSVParser$ - Ligne ignorée (id=108) : Valeur non entière pour age : '21.08'
2026-02-26 08:19:43.700 [WARN ] eeg.parser.CSVParser$ - Ligne ignorée (id=109) : Valeur non entière pour age : '54.56'
2026-02-26 08:19:43.700 [WARN ] eeg.parser.CSVParser$ - Ligne ignorée (id=110) : Valeur non entière pour age : '28.67'
2026-02-26 08:19:43.700 [WARN ] eeg.parser.CSVParser$ - Ligne ignorée (id=111) : Valeur non entière pour age : '18.19'
2026-02-26 08:19:43.704 [WARN ] eeg.parser.CSVParser$ - Ligne ignorée (id=112) : Valeur non entière pour age : '22.9'
2026-02-26 08:19:43.704 [WARN ] eeg.parser.CSVParser$ - Ligne ignorée (id=113) : Valeur non entière pour age : '18.24'
2026-02-26 08:19:43.704 [WARN ] eeg.parser.CSVParser$ - Ligne ignorée (id=114) : Valeur non entière pour age : '34.16'
2026-02-26 08:19:43.704 [WARN ] eeg.parser.CSVParser$ - Ligne ignorée (id=115) : Valeur non entière pour age : '42.35'
2026-02-26 08:19:43.704 [WARN ] eeg.parser.CSVParser$ - Ligne ignorée (id=116) : Valeur non entière pour age : '35.16'
2026-02-26 08:19:43.704 [WARN ] eeg.parser.CSVParser$ - Ligne ignorée (id=117) : Valeur non entière pour age : '25.65'
2026-02-26 08:19:43.704 [WARN ] eeg.parser.CSVParser$ - Ligne ignorée (id=118) : Valeur non entière pour age : '18.89'
2026-02-26 08:19:43.704 [WARN ] eeg.parser.CSVParser$ - Ligne ignorée (id=119) : Valeur non entière pour age : '38.52'
2026-02-26 08:19:43.704 [WARN ] eeg.parser.CSVParser$ - Ligne ignorée (id=120) : Valeur non entière pour age : '19.21'
2026-02-26 08:19:43.704 [WARN ] eeg.parser.CSVParser$ - Ligne ignorée (id=121) : Valeur non entière pour age : '24.42'
2026-02-26 08:19:43.707 [WARN ] eeg.parser.CSVParser$ - Ligne ignorée (id=122) : Valeur non entière pour age : '23.66'
2026-02-26 08:19:43.707 [WARN ] eeg.parser.CSVParser$ - Ligne ignorée (id=123) : Valeur non entière pour age : '28.29'
2026-02-26 08:19:43.707 [WARN ] eeg.parser.CSVParser$ - Ligne ignorée (id=124) : Valeur non entière pour age : '33.62'
2026-02-26 08:19:43.707 [WARN ] eeg.parser.CSVParser$ - Ligne ignorée (id=125) : Valeur non entière pour age : '28.15'
2026-02-26 08:19:43.707 [WARN ] eeg.parser.CSVParser$ - Ligne ignorée (id=126) : Valeur non entière pour age : '30.45'
2026-02-26 08:19:43.707 [WARN ] eeg.parser.CSVParser$ - Ligne ignorée (id=127) : Valeur non entière pour age : '19.48'
2026-02-26 08:19:43.707 [WARN ] eeg.parser.CSVParser$ - Ligne ignorée (id=128) : Valeur non entière pour age : '25.05'
2026-02-26 08:19:43.707 [WARN ] eeg.parser.CSVParser$ - Ligne ignorée (id=129) : Valeur non entière pour age : '28.32'
2026-02-26 08:19:43.707 [WARN ] eeg.parser.CSVParser$ - Ligne ignorée (id=130) : Valeur non entière pour age : '23.44'
2026-02-26 08:19:43.707 [WARN ] eeg.parser.CSVParser$ - Ligne ignorée (id=131) : Valeur non entière pour age : '29.86'
2026-02-26 08:19:43.707 [WARN ] eeg.parser.CSVParser$ - Ligne ignorée (id=132) : Valeur non entière pour age : '33.55'
2026-02-26 08:19:43.707 [WARN ] eeg.parser.CSVParser$ - Ligne ignorée (id=133) : Valeur non entière pour age : '27.59'
2026-02-26 08:19:43.707 [WARN ] eeg.parser.CSVParser$ - Ligne ignorée (id=134) : Valeur non entière pour age : '29.47'
2026-02-26 08:19:43.710 [WARN ] eeg.parser.CSVParser$ - Ligne ignorée (id=135) : Valeur non entière pour age : '36.06'
2026-02-26 08:19:43.710 [WARN ] eeg.parser.CSVParser$ - Ligne ignorée (id=136) : Valeur non entière pour age : '18.07'
2026-02-26 08:19:43.710 [WARN ] eeg.parser.CSVParser$ - Ligne ignorée (id=137) : Valeur non entière pour age : '18.39'
2026-02-26 08:19:43.710 [WARN ] eeg.parser.CSVParser$ - Ligne ignorée (id=138) : Valeur non entière pour age : '29.04'
2026-02-26 08:19:43.837 [WARN ] eeg.parser.CSVParser$ - Ligne ignorée (id=283) : Valeur non entière pour age : '28.81'
2026-02-26 08:19:43.839 [WARN ] eeg.parser.CSVParser$ - Ligne ignorée (id=284) : Valeur non entière pour age : '29.22'
2026-02-26 08:19:43.839 [WARN ] eeg.parser.CSVParser$ - Ligne ignorée (id=285) : Valeur non entière pour age : '34.48'
2026-02-26 08:19:43.839 [WARN ] eeg.parser.CSVParser$ - Ligne ignorée (id=286) : Valeur non entière pour age : '33.9'
2026-02-26 08:19:43.839 [WARN ] eeg.parser.CSVParser$ - Ligne ignorée (id=287) : Valeur non entière pour age : '26.26'
2026-02-26 08:19:43.839 [WARN ] eeg.parser.CSVParser$ - Ligne ignorée (id=288) : Valeur non entière pour age : '33.57'
2026-02-26 08:19:43.839 [WARN ] eeg.parser.CSVParser$ - Ligne ignorée (id=289) : Valeur non entière pour age : '19.51'
2026-02-26 08:19:43.839 [WARN ] eeg.parser.CSVParser$ - Ligne ignorée (id=290) : Valeur non entière pour age : '23.67'
2026-02-26 08:19:43.839 [WARN ] eeg.parser.CSVParser$ - Ligne ignorée (id=291) : Valeur non entière pour age : '18.77'
2026-02-26 08:19:43.839 [WARN ] eeg.parser.CSVParser$ - Ligne ignorée (id=292) : Valeur non entière pour age : '24.53'
2026-02-26 08:19:43.839 [WARN ] eeg.parser.CSVParser$ - Ligne ignorée (id=293) : Valeur non entière pour age : '23.28'
2026-02-26 08:19:43.839 [WARN ] eeg.parser.CSVParser$ - Ligne ignorée (id=294) : Valeur non entière pour age : '39.18'
2026-02-26 08:19:43.839 [WARN ] eeg.parser.CSVParser$ - Ligne ignorée (id=295) : Valeur non entière pour age : '37.72'
2026-02-26 08:19:43.839 [WARN ] eeg.parser.CSVParser$ - Ligne ignorée (id=296) : Valeur non entière pour age : '44.42'
2026-02-26 08:19:43.839 [WARN ] eeg.parser.CSVParser$ - Ligne ignorée (id=297) : Valeur non entière pour age : '21.03'
2026-02-26 08:19:43.839 [WARN ] eeg.parser.CSVParser$ - Ligne ignorée (id=298) : Valeur non entière pour age : '36.62'
2026-02-26 08:19:43.839 [WARN ] eeg.parser.CSVParser$ - Ligne ignorée (id=299) : Valeur non entière pour age : '56.51'
2026-02-26 08:19:43.839 [WARN ] eeg.parser.CSVParser$ - Ligne ignorée (id=300) : Valeur non entière pour age : '53.68'
2026-02-26 08:19:43.839 [WARN ] eeg.parser.CSVParser$ - Ligne ignorée (id=301) : Valeur non entière pour age : '23.52'
2026-02-26 08:19:43.839 [WARN ] eeg.parser.CSVParser$ - Ligne ignorée (id=302) : Valeur non entière pour age : '30.99'
2026-02-26 08:19:43.839 [WARN ] eeg.parser.CSVParser$ - Ligne ignorée (id=303) : Valeur non entière pour age : '51.8'
2026-02-26 08:19:43.839 [WARN ] eeg.parser.CSVParser$ - Ligne ignorée (id=304) : Valeur non entière pour age : '30.32'
2026-02-26 08:19:43.839 [WARN ] eeg.parser.CSVParser$ - Ligne ignorée (id=305) : Valeur non entière pour age : '25.72'
2026-02-26 08:19:43.839 [WARN ] eeg.parser.CSVParser$ - Ligne ignorée (id=306) : Valeur non entière pour age : '25.53'
2026-02-26 08:19:43.839 [WARN ] eeg.parser.CSVParser$ - Ligne ignorée (id=307) : Valeur non entière pour age : '29.08'
2026-02-26 08:19:43.843 [WARN ] eeg.parser.CSVParser$ - Ligne ignorée (id=308) : Valeur non entière pour age : '18.34'
2026-02-26 08:19:43.843 [WARN ] eeg.parser.CSVParser$ - Ligne ignorée (id=309) : Valeur non entière pour age : '23.2'
2026-02-26 08:19:43.843 [WARN ] eeg.parser.CSVParser$ - Ligne ignorée (id=310) : Valeur non entière pour age : '55.21'
2026-02-26 08:19:43.843 [WARN ] eeg.parser.CSVParser$ - Ligne ignorée (id=311) : Valeur non entière pour age : '26.93'
2026-02-26 08:19:43.843 [WARN ] eeg.parser.CSVParser$ - Ligne ignorée (id=312) : Valeur non entière pour age : '24.56'
2026-02-26 08:19:43.843 [WARN ] eeg.parser.CSVParser$ - Ligne ignorée (id=313) : Valeur non entière pour age : '28.56'
2026-02-26 08:19:43.843 [WARN ] eeg.parser.CSVParser$ - Ligne ignorée (id=314) : Valeur non entière pour age : '33.44'
2026-02-26 08:19:43.843 [WARN ] eeg.parser.CSVParser$ - Ligne ignorée (id=315) : Valeur non entière pour age : '47.76'
2026-02-26 08:19:43.846 [WARN ] eeg.parser.CSVParser$ - Ligne ignorée (id=316) : Valeur non entière pour age : '26.71'
2026-02-26 08:19:43.847 [WARN ] eeg.parser.CSVParser$ - Ligne ignorée (id=317) : Valeur non entière pour age : '19.25'
2026-02-26 08:19:43.847 [WARN ] eeg.parser.CSVParser$ - Ligne ignorée (id=318) : Valeur non entière pour age : '57.63'
2026-02-26 08:19:43.847 [WARN ] eeg.parser.CSVParser$ - Ligne ignorée (id=319) : Valeur non entière pour age : '23.45'
2026-02-26 08:19:43.847 [WARN ] eeg.parser.CSVParser$ - Ligne ignorée (id=320) : Valeur non entière pour age : '23.64'
2026-02-26 08:19:43.847 [WARN ] eeg.parser.CSVParser$ - Ligne ignorée (id=321) : Valeur non entière pour age : '33.97'
2026-02-26 08:19:43.847 [WARN ] eeg.parser.CSVParser$ - Ligne ignorée (id=322) : Valeur non entière pour age : '42.74'
2026-02-26 08:19:43.847 [WARN ] eeg.parser.CSVParser$ - Ligne ignorée (id=323) : Valeur non entière pour age : '36.96'
2026-02-26 08:19:43.847 [WARN ] eeg.parser.CSVParser$ - Ligne ignorée (id=324) : Valeur non entière pour age : '23.42'
2026-02-26 08:19:43.847 [WARN ] eeg.parser.CSVParser$ - Ligne ignorée (id=325) : Valeur non entière pour age : '23.96'
2026-02-26 08:19:43.847 [WARN ] eeg.parser.CSVParser$ - Ligne ignorée (id=326) : Valeur non entière pour age : '19.89'
2026-02-26 08:19:43.851 [WARN ] eeg.parser.CSVParser$ - Ligne ignorée (id=327) : Valeur non entière pour age : '21.05'
2026-02-26 08:19:43.851 [WARN ] eeg.parser.CSVParser$ - Ligne ignorée (id=328) : Valeur non entière pour age : '31.57'
2026-02-26 08:19:43.851 [WARN ] eeg.parser.CSVParser$ - Ligne ignorée (id=329) : Valeur non entière pour age : '19.22'
2026-02-26 08:19:43.851 [WARN ] eeg.parser.CSVParser$ - Ligne ignorée (id=330) : Valeur non entière pour age : '23.06'
2026-02-26 08:19:43.853 [WARN ] eeg.parser.CSVParser$ - Ligne ignorée (id=331) : Valeur non entière pour age : '31.41'
2026-02-26 08:19:43.853 [WARN ] eeg.parser.CSVParser$ - Ligne ignorée (id=332) : Valeur non entière pour age : '20.6'
2026-02-26 08:19:43.853 [WARN ] eeg.parser.CSVParser$ - Ligne ignorée (id=333) : Valeur non entière pour age : '47.32'
2026-02-26 08:19:43.853 [WARN ] eeg.parser.CSVParser$ - Ligne ignorée (id=334) : Valeur non entière pour age : '41.38'
2026-02-26 08:19:43.853 [WARN ] eeg.parser.CSVParser$ - Ligne ignorée (id=335) : Valeur non entière pour age : '34.52'
2026-02-26 08:19:43.853 [WARN ] eeg.parser.CSVParser$ - Ligne ignorée (id=336) : Valeur non entière pour age : '18.78'
2026-02-26 08:19:43.853 [WARN ] eeg.parser.CSVParser$ - Ligne ignorée (id=337) : Valeur non entière pour age : '25.61'
2026-02-26 08:19:43.853 [WARN ] eeg.parser.CSVParser$ - Ligne ignorée (id=338) : Valeur non entière pour age : '26.2'
2026-02-26 08:19:43.855 [WARN ] eeg.parser.CSVParser$ - Ligne ignorée (id=339) : Valeur non entière pour age : '22.84'
2026-02-26 08:19:43.855 [WARN ] eeg.parser.CSVParser$ - Ligne ignorée (id=340) : Valeur non entière pour age : '20.28'
2026-02-26 08:19:43.855 [WARN ] eeg.parser.CSVParser$ - Ligne ignorée (id=341) : Valeur non entière pour age : '25.14'
2026-02-26 08:19:43.855 [WARN ] eeg.parser.CSVParser$ - Ligne ignorée (id=342) : Valeur non entière pour age : '40.88'
2026-02-26 08:19:43.855 [WARN ] eeg.parser.CSVParser$ - Ligne ignorée (id=343) : Valeur non entière pour age : '47.93'
2026-02-26 08:19:43.855 [WARN ] eeg.parser.CSVParser$ - Ligne ignorée (id=344) : Valeur non entière pour age : '18.69'
2026-02-26 08:19:43.855 [WARN ] eeg.parser.CSVParser$ - Ligne ignorée (id=345) : Valeur non entière pour age : '25.2'
2026-02-26 08:19:43.855 [WARN ] eeg.parser.CSVParser$ - Ligne ignorée (id=346) : Valeur non entière pour age : '47.11'
2026-02-26 08:19:43.855 [WARN ] eeg.parser.CSVParser$ - Ligne ignorée (id=347) : Valeur non entière pour age : '19.14'
2026-02-26 08:19:43.856 [WARN ] eeg.parser.CSVParser$ - Ligne ignorée (id=348) : Valeur non entière pour age : '28.89'
2026-02-26 08:19:43.856 [WARN ] eeg.parser.CSVParser$ - Ligne ignorée (id=349) : Valeur non entière pour age : '24.4'
2026-02-26 08:19:43.856 [WARN ] eeg.parser.CSVParser$ - Ligne ignorée (id=350) : Valeur non entière pour age : '54.97'
2026-02-26 08:19:43.856 [WARN ] eeg.parser.CSVParser$ - Ligne ignorée (id=351) : Valeur non entière pour age : '27.2'
2026-02-26 08:19:43.856 [WARN ] eeg.parser.CSVParser$ - Ligne ignorée (id=352) : Valeur non entière pour age : '28.93'
2026-02-26 08:19:43.856 [WARN ] eeg.parser.CSVParser$ - Ligne ignorée (id=353) : Valeur non entière pour age : '54.67'
2026-02-26 08:19:43.858 [WARN ] eeg.parser.CSVParser$ - Ligne ignorée (id=354) : Valeur non entière pour age : '34.91'
2026-02-26 08:19:43.858 [WARN ] eeg.parser.CSVParser$ - Ligne ignorée (id=355) : Valeur non entière pour age : '63.47'
2026-02-26 08:19:43.858 [WARN ] eeg.parser.CSVParser$ - Ligne ignorée (id=356) : Valeur non entière pour age : '19.64'
2026-02-26 08:19:43.858 [WARN ] eeg.parser.CSVParser$ - Ligne ignorée (id=357) : Valeur non entière pour age : '36.22'
2026-02-26 08:19:43.858 [WARN ] eeg.parser.CSVParser$ - Ligne ignorée (id=358) : Valeur non entière pour age : '20.13'
2026-02-26 08:19:43.858 [WARN ] eeg.parser.CSVParser$ - Ligne ignorée (id=359) : Valeur non entière pour age : '54.05'
2026-02-26 08:19:43.858 [WARN ] eeg.parser.CSVParser$ - Ligne ignorée (id=360) : Valeur non entière pour age : '48.21'
2026-02-26 08:19:43.858 [WARN ] eeg.parser.CSVParser$ - Ligne ignorée (id=361) : Valeur non entière pour age : '33.93'
2026-02-26 08:19:43.858 [WARN ] eeg.parser.CSVParser$ - Ligne ignorée (id=362) : Valeur non entière pour age : '41.69'
2026-02-26 08:19:43.858 [WARN ] eeg.parser.CSVParser$ - Ligne ignorée (id=363) : Valeur non entière pour age : '55.6'
2026-02-26 08:19:43.858 [WARN ] eeg.parser.CSVParser$ - Ligne ignorée (id=364) : Valeur non entière pour age : '25.63'
2026-02-26 08:19:43.858 [WARN ] eeg.parser.CSVParser$ - Ligne ignorée (id=365) : Valeur non entière pour age : '52.12'
2026-02-26 08:19:43.858 [WARN ] eeg.parser.CSVParser$ - Ligne ignorée (id=366) : Valeur non entière pour age : '28.9'
2026-02-26 08:19:43.858 [WARN ] eeg.parser.CSVParser$ - Ligne ignorée (id=367) : Valeur non entière pour age : '22.14'
2026-02-26 08:19:43.858 [WARN ] eeg.parser.CSVParser$ - Ligne ignorée (id=368) : Valeur non entière pour age : '35.75'
2026-02-26 08:19:43.858 [WARN ] eeg.parser.CSVParser$ - Ligne ignorée (id=369) : Valeur non entière pour age : '25.38'
2026-02-26 08:19:43.858 [WARN ] eeg.parser.CSVParser$ - Ligne ignorée (id=370) : Valeur non entière pour age : '62.23'
2026-02-26 08:19:43.858 [WARN ] eeg.parser.CSVParser$ - Ligne ignorée (id=371) : Valeur non entière pour age : '41.24'
2026-02-26 08:19:43.858 [WARN ] eeg.parser.CSVParser$ - Ligne ignorée (id=372) : Valeur non entière pour age : '33.5'
2026-02-26 08:19:43.858 [WARN ] eeg.parser.CSVParser$ - Ligne ignorée (id=373) : Valeur non entière pour age : '21.62'
2026-02-26 08:19:43.861 [WARN ] eeg.parser.CSVParser$ - Ligne ignorée (id=374) : Valeur non entière pour age : '26.33'
2026-02-26 08:19:43.861 [WARN ] eeg.parser.CSVParser$ - Ligne ignorée (id=375) : Valeur non entière pour age : '25.55'
2026-02-26 08:19:43.861 [WARN ] eeg.parser.CSVParser$ - Ligne ignorée (id=376) : Valeur non entière pour age : '25.16'
2026-02-26 08:19:43.861 [WARN ] eeg.parser.CSVParser$ - Ligne ignorée (id=377) : Valeur non entière pour age : '33.32'
2026-02-26 08:19:43.861 [WARN ] eeg.parser.CSVParser$ - Ligne ignorée (id=378) : Valeur non entière pour age : '37.24'
2026-02-26 08:19:43.861 [WARN ] eeg.parser.CSVParser$ - Ligne ignorée (id=379) : Valeur non entière pour age : '20.77'
2026-02-26 08:19:43.861 [WARN ] eeg.parser.CSVParser$ - Ligne ignorée (id=380) : Valeur non entière pour age : '48.49'
2026-02-26 08:19:43.863 [WARN ] eeg.parser.CSVParser$ - Ligne ignorée (id=381) : Valeur non entière pour age : '25.71'
2026-02-26 08:19:43.863 [WARN ] eeg.parser.CSVParser$ - Ligne ignorée (id=382) : Valeur non entière pour age : '29.99'
2026-02-26 08:19:43.863 [WARN ] eeg.parser.CSVParser$ - Ligne ignorée (id=383) : Valeur non entière pour age : '44.76'
2026-02-26 08:19:43.863 [WARN ] eeg.parser.CSVParser$ - Ligne ignorée (id=384) : Valeur non entière pour age : '60.16'
2026-02-26 08:19:43.863 [WARN ] eeg.parser.CSVParser$ - Ligne ignorée (id=385) : Valeur non entière pour age : '51.38'
2026-02-26 08:19:43.863 [WARN ] eeg.parser.CSVParser$ - Ligne ignorée (id=386) : Valeur non entière pour age : '24.55'
2026-02-26 08:19:43.863 [WARN ] eeg.parser.CSVParser$ - Ligne ignorée (id=387) : Valeur non entière pour age : '51.92'
2026-02-26 08:19:43.863 [WARN ] eeg.parser.CSVParser$ - Ligne ignorée (id=388) : Valeur non entière pour age : '48.84'
2026-02-26 08:19:43.863 [WARN ] eeg.parser.CSVParser$ - Ligne ignorée (id=389) : Valeur non entière pour age : '43.17'
2026-02-26 08:19:43.863 [WARN ] eeg.parser.CSVParser$ - Ligne ignorée (id=390) : Valeur non entière pour age : '31.16'
2026-02-26 08:19:43.863 [WARN ] eeg.parser.CSVParser$ - Ligne ignorée (id=391) : Valeur non entière pour age : '54.37'
2026-02-26 08:19:43.863 [WARN ] eeg.parser.CSVParser$ - Ligne ignorée (id=392) : Valeur non entière pour age : '26.08'
2026-02-26 08:19:43.863 [WARN ] eeg.parser.CSVParser$ - Ligne ignorée (id=393) : Valeur non entière pour age : '26.24'
2026-02-26 08:19:43.863 [WARN ] eeg.parser.CSVParser$ - Ligne ignorée (id=394) : Valeur non entière pour age : '27.8'
2026-02-26 08:19:43.863 [WARN ] eeg.parser.CSVParser$ - Ligne ignorée (id=395) : Valeur non entière pour age : '18.68'
2026-02-26 08:19:43.863 [WARN ] eeg.parser.CSVParser$ - Ligne ignorée (id=396) : Valeur non entière pour age : '25.72'
2026-02-26 08:19:43.863 [WARN ] eeg.parser.CSVParser$ - Ligne ignorée (id=397) : Valeur non entière pour age : '20.87'
2026-02-26 08:19:43.863 [WARN ] eeg.parser.CSVParser$ - Ligne ignorée (id=398) : Valeur non entière pour age : '61.2'
2026-02-26 08:19:43.863 [WARN ] eeg.parser.CSVParser$ - Ligne ignorée (id=399) : Valeur non entière pour age : '49.19'
2026-02-26 08:19:43.863 [WARN ] eeg.parser.CSVParser$ - Ligne ignorée (id=400) : Valeur non entière pour age : '21.9'
2026-02-26 08:19:43.863 [WARN ] eeg.parser.CSVParser$ - Ligne ignorée (id=401) : Valeur non entière pour age : '56.6'
2026-02-26 08:19:43.869 [WARN ] eeg.parser.CSVParser$ - Ligne ignorée (id=402) : Valeur non entière pour age : '32.15'
2026-02-26 08:19:43.869 [WARN ] eeg.parser.CSVParser$ - Ligne ignorée (id=403) : Valeur non entière pour age : '40.77'
2026-02-26 08:19:43.869 [WARN ] eeg.parser.CSVParser$ - Ligne ignorée (id=404) : Valeur non entière pour age : '35.98'
2026-02-26 08:19:43.870 [WARN ] eeg.parser.CSVParser$ - Ligne ignorée (id=405) : Valeur non entière pour age : '24.81'
2026-02-26 08:19:43.871 [WARN ] eeg.parser.CSVParser$ - Ligne ignorée (id=406) : Valeur non entière pour age : '40.95'
2026-02-26 08:19:43.871 [WARN ] eeg.parser.CSVParser$ - Ligne ignorée (id=407) : Valeur non entière pour age : '20.97'
2026-02-26 08:19:43.871 [WARN ] eeg.parser.CSVParser$ - Ligne ignorée (id=408) : Valeur non entière pour age : '43.88'
2026-02-26 08:19:43.873 [WARN ] eeg.parser.CSVParser$ - Ligne ignorée (id=409) : Valeur non entière pour age : '32.76'
2026-02-26 08:19:43.873 [WARN ] eeg.parser.CSVParser$ - Ligne ignorée (id=410) : Valeur non entière pour age : '48.18'
2026-02-26 08:19:43.873 [WARN ] eeg.parser.CSVParser$ - Ligne ignorée (id=411) : Valeur non entière pour age : '40.72'
2026-02-26 08:19:43.875 [WARN ] eeg.parser.CSVParser$ - Ligne ignorée (id=412) : Valeur non entière pour age : '29.21'
2026-02-26 08:19:43.875 [WARN ] eeg.parser.CSVParser$ - Ligne ignorée (id=413) : Valeur non entière pour age : '43.68'
2026-02-26 08:19:43.875 [WARN ] eeg.parser.CSVParser$ - Ligne ignorée (id=414) : Valeur non entière pour age : '21.51'
2026-02-26 08:19:43.875 [WARN ] eeg.parser.CSVParser$ - Ligne ignorée (id=415) : Valeur non entière pour age : '22.79'
2026-02-26 08:19:43.875 [WARN ] eeg.parser.CSVParser$ - Ligne ignorée (id=416) : Valeur non entière pour age : '30.13'
2026-02-26 08:19:43.875 [WARN ] eeg.parser.CSVParser$ - Ligne ignorée (id=417) : Valeur non entière pour age : '34.38'
2026-02-26 08:19:43.875 [WARN ] eeg.parser.CSVParser$ - Ligne ignorée (id=418) : Valeur non entière pour age : '53.67'
2026-02-26 08:19:43.877 [WARN ] eeg.parser.CSVParser$ - Ligne ignorée (id=419) : Valeur non entière pour age : '50.79'
2026-02-26 08:19:43.877 [WARN ] eeg.parser.CSVParser$ - Ligne ignorée (id=420) : Valeur non entière pour age : '27.47'
2026-02-26 08:19:43.877 [WARN ] eeg.parser.CSVParser$ - Ligne ignorée (id=421) : Valeur non entière pour age : '51.19'
2026-02-26 08:19:43.877 [WARN ] eeg.parser.CSVParser$ - Ligne ignorée (id=422) : Valeur non entière pour age : '22.18'
2026-02-26 08:19:43.877 [WARN ] eeg.parser.CSVParser$ - Ligne ignorée (id=423) : Valeur non entière pour age : '18.39'
2026-02-26 08:19:43.877 [WARN ] eeg.parser.CSVParser$ - Ligne ignorée (id=424) : Valeur non entière pour age : '23.14'
2026-02-26 08:19:43.877 [WARN ] eeg.parser.CSVParser$ - Ligne ignorée (id=425) : Valeur non entière pour age : '38.35'
2026-02-26 08:19:43.877 [WARN ] eeg.parser.CSVParser$ - Ligne ignorée (id=426) : Valeur non entière pour age : '31.68'
2026-02-26 08:19:43.877 [WARN ] eeg.parser.CSVParser$ - Ligne ignorée (id=427) : Valeur non entière pour age : '44.5'
2026-02-26 08:19:43.877 [WARN ] eeg.parser.CSVParser$ - Ligne ignorée (id=428) : Valeur non entière pour age : '34.27'
2026-02-26 08:19:43.881 [WARN ] eeg.parser.CSVParser$ - Ligne ignorée (id=429) : Valeur non entière pour age : '20.73'
2026-02-26 08:19:43.881 [WARN ] eeg.parser.CSVParser$ - Ligne ignorée (id=430) : Valeur non entière pour age : '19.74'
2026-02-26 08:19:43.881 [WARN ] eeg.parser.CSVParser$ - Ligne ignorée (id=431) : Valeur non entière pour age : '30.81'
2026-02-26 08:19:43.881 [WARN ] eeg.parser.CSVParser$ - Ligne ignorée (id=432) : Valeur non entière pour age : '21.73'
2026-02-26 08:19:43.881 [WARN ] eeg.parser.CSVParser$ - Ligne ignorée (id=433) : Valeur non entière pour age : '30.21'
2026-02-26 08:19:43.881 [WARN ] eeg.parser.CSVParser$ - Ligne ignorée (id=434) : Valeur non entière pour age : '34.16'
2026-02-26 08:19:43.881 [WARN ] eeg.parser.CSVParser$ - Ligne ignorée (id=435) : Valeur non entière pour age : '29.17'
2026-02-26 08:19:43.881 [WARN ] eeg.parser.CSVParser$ - Ligne ignorée (id=436) : Valeur non entière pour age : '31.23'
2026-02-26 08:19:43.881 [WARN ] eeg.parser.CSVParser$ - Ligne ignorée (id=437) : Valeur non entière pour age : '28.15'
2026-02-26 08:19:43.881 [WARN ] eeg.parser.CSVParser$ - Ligne ignorée (id=438) : Valeur non entière pour age : '42.05'
2026-02-26 08:19:43.883 [WARN ] eeg.parser.CSVParser$ - Ligne ignorée (id=439) : Valeur non entière pour age : '37.03'
2026-02-26 08:19:43.883 [WARN ] eeg.parser.CSVParser$ - Ligne ignorée (id=440) : Valeur non entière pour age : '51.05'
2026-02-26 08:19:43.883 [WARN ] eeg.parser.CSVParser$ - Ligne ignorée (id=441) : Valeur non entière pour age : '25.96'
2026-02-26 08:19:43.883 [WARN ] eeg.parser.CSVParser$ - Ligne ignorée (id=442) : Valeur non entière pour age : '21.37'
2026-02-26 08:19:43.883 [WARN ] eeg.parser.CSVParser$ - Ligne ignorée (id=443) : Valeur non entière pour age : '57.93'
2026-02-26 08:19:43.883 [WARN ] eeg.parser.CSVParser$ - Ligne ignorée (id=444) : Valeur non entière pour age : '21.68'
2026-02-26 08:19:43.883 [WARN ] eeg.parser.CSVParser$ - Ligne ignorée (id=445) : Valeur non entière pour age : '43.82'
2026-02-26 08:19:43.883 [WARN ] eeg.parser.CSVParser$ - Ligne ignorée (id=446) : Valeur non entière pour age : '63.79'
2026-02-26 08:19:43.883 [WARN ] eeg.parser.CSVParser$ - Ligne ignorée (id=447) : Valeur non entière pour age : '20.48'
2026-02-26 08:19:43.883 [WARN ] eeg.parser.CSVParser$ - Ligne ignorée (id=448) : Valeur non entière pour age : '21.79'
2026-02-26 08:19:43.885 [WARN ] eeg.parser.CSVParser$ - Ligne ignorée (id=449) : Valeur non entière pour age : '20.11'
2026-02-26 08:19:43.885 [WARN ] eeg.parser.CSVParser$ - Ligne ignorée (id=450) : Valeur non entière pour age : '22.78'
2026-02-26 08:19:43.885 [WARN ] eeg.parser.CSVParser$ - Ligne ignorée (id=451) : Valeur non entière pour age : '39.37'
2026-02-26 08:19:43.885 [WARN ] eeg.parser.CSVParser$ - Ligne ignorée (id=452) : Valeur non entière pour age : '23.14'
2026-02-26 08:19:43.885 [WARN ] eeg.parser.CSVParser$ - Ligne ignorée (id=453) : Valeur non entière pour age : '63.56'
2026-02-26 08:19:43.885 [WARN ] eeg.parser.CSVParser$ - Ligne ignorée (id=454) : Valeur non entière pour age : '33.69'
2026-02-26 08:19:43.885 [WARN ] eeg.parser.CSVParser$ - Ligne ignorée (id=455) : Valeur non entière pour age : '35.37'
2026-02-26 08:19:43.885 [WARN ] eeg.parser.CSVParser$ - Ligne ignorée (id=456) : Valeur non entière pour age : '33.7'
2026-02-26 08:19:43.887 [WARN ] eeg.parser.CSVParser$ - Ligne ignorée (id=457) : Valeur non entière pour age : '20.05'
2026-02-26 08:19:43.896 [WARN ] eeg.parser.CSVParser$ - Ligne ignorée (id=458) : Valeur non entière pour age : '25.95'
2026-02-26 08:19:43.898 [WARN ] eeg.parser.CSVParser$ - Ligne ignorée (id=459) : Valeur non entière pour age : '45.78'
2026-02-26 08:19:43.898 [WARN ] eeg.parser.CSVParser$ - Ligne ignorée (id=460) : Valeur non entière pour age : '22.32'
2026-02-26 08:19:43.898 [WARN ] eeg.parser.CSVParser$ - Ligne ignorée (id=461) : Valeur non entière pour age : '28.24'
2026-02-26 08:19:43.898 [WARN ] eeg.parser.CSVParser$ - Ligne ignorée (id=462) : Valeur non entière pour age : '20.5'
2026-02-26 08:19:43.898 [WARN ] eeg.parser.CSVParser$ - Ligne ignorée (id=463) : Valeur non entière pour age : '21.46'
2026-02-26 08:19:43.900 [WARN ] eeg.parser.CSVParser$ - Ligne ignorée (id=464) : Valeur non entière pour age : '18.59'
2026-02-26 08:19:43.900 [WARN ] eeg.parser.CSVParser$ - Ligne ignorée (id=465) : Valeur non entière pour age : '24.09'
2026-02-26 08:19:43.900 [WARN ] eeg.parser.CSVParser$ - Ligne ignorée (id=466) : Valeur non entière pour age : '31.28'
2026-02-26 08:19:43.900 [WARN ] eeg.parser.CSVParser$ - Ligne ignorée (id=467) : Valeur non entière pour age : '40.53'
2026-02-26 08:19:43.900 [WARN ] eeg.parser.CSVParser$ - Ligne ignorée (id=468) : Valeur non entière pour age : '19.96'
2026-02-26 08:19:43.900 [WARN ] eeg.parser.CSVParser$ - Ligne ignorée (id=469) : Valeur non entière pour age : '21.47'
2026-02-26 08:19:43.900 [WARN ] eeg.parser.CSVParser$ - Ligne ignorée (id=470) : Valeur non entière pour age : '63.59'
2026-02-26 08:19:43.900 [WARN ] eeg.parser.CSVParser$ - Ligne ignorée (id=471) : Valeur non entière pour age : '19.21'
2026-02-26 08:19:43.900 [WARN ] eeg.parser.CSVParser$ - Ligne ignorée (id=472) : Valeur non entière pour age : '49.59'
2026-02-26 08:19:43.900 [WARN ] eeg.parser.CSVParser$ - Ligne ignorée (id=473) : Valeur non entière pour age : '31.4'
2026-02-26 08:19:43.900 [WARN ] eeg.parser.CSVParser$ - Ligne ignorée (id=474) : Valeur non entière pour age : '18.42'
2026-02-26 08:19:43.902 [WARN ] eeg.parser.CSVParser$ - Ligne ignorée (id=475) : Valeur non entière pour age : '37.76'
2026-02-26 08:19:43.902 [WARN ] eeg.parser.CSVParser$ - Ligne ignorée (id=476) : Valeur non entière pour age : '25.72'
2026-02-26 08:19:43.902 [WARN ] eeg.parser.CSVParser$ - Ligne ignorée (id=477) : Valeur non entière pour age : '23.82'
2026-02-26 08:19:43.902 [WARN ] eeg.parser.CSVParser$ - Ligne ignorée (id=478) : Valeur non entière pour age : '44.91'
2026-02-26 08:19:43.902 [WARN ] eeg.parser.CSVParser$ - Ligne ignorée (id=479) : Valeur non entière pour age : '36.98'
2026-02-26 08:19:43.902 [WARN ] eeg.parser.CSVParser$ - Ligne ignorée (id=480) : Valeur non entière pour age : '31.32'
2026-02-26 08:19:43.902 [WARN ] eeg.parser.CSVParser$ - Ligne ignorée (id=481) : Valeur non entière pour age : '31.2'
2026-02-26 08:19:43.902 [WARN ] eeg.parser.CSVParser$ - Ligne ignorée (id=482) : Valeur non entière pour age : '27.75'
2026-02-26 08:19:43.902 [WARN ] eeg.parser.CSVParser$ - Ligne ignorée (id=483) : Valeur non entière pour age : '53.03'
2026-02-26 08:19:43.902 [WARN ] eeg.parser.CSVParser$ - Ligne ignorée (id=484) : Valeur non entière pour age : '50.56'
2026-02-26 08:19:43.902 [WARN ] eeg.parser.CSVParser$ - Ligne ignorée (id=485) : Valeur non entière pour age : '57.8'
2026-02-26 08:19:43.902 [WARN ] eeg.parser.CSVParser$ - Ligne ignorée (id=486) : Valeur non entière pour age : '49.62'
2026-02-26 08:19:43.902 [WARN ] eeg.parser.CSVParser$ - Ligne ignorée (id=487) : Valeur non entière pour age : '42.48'
2026-02-26 08:19:43.902 [WARN ] eeg.parser.CSVParser$ - Ligne ignorée (id=488) : Valeur non entière pour age : '21.36'
2026-02-26 08:19:43.903 [WARN ] eeg.parser.CSVParser$ - Ligne ignorée (id=489) : Valeur non entière pour age : '32.49'
2026-02-26 08:19:43.903 [WARN ] eeg.parser.CSVParser$ - Ligne ignorée (id=490) : Valeur non entière pour age : '54.93'
2026-02-26 08:19:43.903 [WARN ] eeg.parser.CSVParser$ - Ligne ignorée (id=491) : Valeur non entière pour age : '26.54'
2026-02-26 08:19:43.903 [WARN ] eeg.parser.CSVParser$ - Ligne ignorée (id=492) : Valeur non entière pour age : '18.72'
2026-02-26 08:19:43.903 [WARN ] eeg.parser.CSVParser$ - Ligne ignorée (id=493) : Valeur non entière pour age : '56.75'
2026-02-26 08:19:43.903 [WARN ] eeg.parser.CSVParser$ - Ligne ignorée (id=494) : Valeur non entière pour age : '19.87'
2026-02-26 08:19:43.903 [WARN ] eeg.parser.CSVParser$ - Ligne ignorée (id=495) : Valeur non entière pour age : '30.42'
2026-02-26 08:19:43.903 [WARN ] eeg.parser.CSVParser$ - Ligne ignorée (id=496) : Valeur non entière pour age : '23.91'
2026-02-26 08:19:43.903 [WARN ] eeg.parser.CSVParser$ - Ligne ignorée (id=497) : Valeur non entière pour age : '43.53'
2026-02-26 08:19:43.903 [WARN ] eeg.parser.CSVParser$ - Ligne ignorée (id=498) : Valeur non entière pour age : '20.88'
2026-02-26 08:19:43.903 [WARN ] eeg.parser.CSVParser$ - Ligne ignorée (id=499) : Valeur non entière pour age : '21.65'
2026-02-26 08:19:43.903 [WARN ] eeg.parser.CSVParser$ - Ligne ignorée (id=500) : Valeur non entière pour age : '61.02'
2026-02-26 08:19:43.903 [WARN ] eeg.parser.CSVParser$ - Ligne ignorée (id=501) : Valeur non entière pour age : '35.17'
2026-02-26 08:19:43.903 [WARN ] eeg.parser.CSVParser$ - Ligne ignorée (id=502) : Valeur non entière pour age : '25.56'
2026-02-26 08:19:43.903 [WARN ] eeg.parser.CSVParser$ - Ligne ignorée (id=503) : Valeur non entière pour age : '19.02'
2026-02-26 08:19:43.903 [WARN ] eeg.parser.CSVParser$ - Ligne ignorée (id=504) : Valeur non entière pour age : '45.64'
2026-02-26 08:19:43.903 [WARN ] eeg.parser.CSVParser$ - Ligne ignorée (id=505) : Valeur non entière pour age : '57.8'
2026-02-26 08:19:43.903 [WARN ] eeg.parser.CSVParser$ - Ligne ignorée (id=506) : Valeur non entière pour age : '19.19'
2026-02-26 08:19:43.903 [WARN ] eeg.parser.CSVParser$ - Ligne ignorée (id=507) : Valeur non entière pour age : '37.09'
2026-02-26 08:19:43.909 [WARN ] eeg.parser.CSVParser$ - Ligne ignorée (id=508) : Valeur non entière pour age : '65.39'
2026-02-26 08:19:43.909 [WARN ] eeg.parser.CSVParser$ - Ligne ignorée (id=509) : Valeur non entière pour age : '52.13'
2026-02-26 08:19:43.909 [WARN ] eeg.parser.CSVParser$ - Ligne ignorée (id=510) : Valeur non entière pour age : '20.69'
2026-02-26 08:19:43.909 [WARN ] eeg.parser.CSVParser$ - Ligne ignorée (id=511) : Valeur non entière pour age : '27.82'
2026-02-26 08:19:43.909 [WARN ] eeg.parser.CSVParser$ - Ligne ignorée (id=512) : Valeur non entière pour age : '58.18'
2026-02-26 08:19:43.909 [WARN ] eeg.parser.CSVParser$ - Ligne ignorée (id=513) : Valeur non entière pour age : '62.66'
2026-02-26 08:19:43.909 [WARN ] eeg.parser.CSVParser$ - Ligne ignorée (id=514) : Valeur non entière pour age : '56.09'
2026-02-26 08:19:43.909 [WARN ] eeg.parser.CSVParser$ - Ligne ignorée (id=515) : Valeur non entière pour age : '24.99'
2026-02-26 08:19:43.909 [WARN ] eeg.parser.CSVParser$ - Ligne ignorée (id=516) : Valeur non entière pour age : '18.72'
2026-02-26 08:19:43.909 [WARN ] eeg.parser.CSVParser$ - Ligne ignorée (id=517) : Valeur non entière pour age : '28.9'
2026-02-26 08:19:43.909 [WARN ] eeg.parser.CSVParser$ - Ligne ignorée (id=518) : Valeur non entière pour age : '25.46'
2026-02-26 08:19:43.909 [WARN ] eeg.parser.CSVParser$ - Ligne ignorée (id=519) : Valeur non entière pour age : '27.55'
2026-02-26 08:19:43.909 [WARN ] eeg.parser.CSVParser$ - Ligne ignorée (id=520) : Valeur non entière pour age : '19.46'
2026-02-26 08:19:43.909 [WARN ] eeg.parser.CSVParser$ - Ligne ignorée (id=521) : Valeur non entière pour age : '50.69'
2026-02-26 08:19:43.913 [WARN ] eeg.parser.CSVParser$ - Ligne ignorée (id=522) : Valeur non entière pour age : '19.48'
2026-02-26 08:19:43.913 [WARN ] eeg.parser.CSVParser$ - Ligne ignorée (id=523) : Valeur non entière pour age : '33.15'
2026-02-26 08:19:43.913 [WARN ] eeg.parser.CSVParser$ - Ligne ignorée (id=524) : Valeur non entière pour age : '25.2'
2026-02-26 08:19:43.913 [WARN ] eeg.parser.CSVParser$ - Ligne ignorée (id=525) : Valeur non entière pour age : '39.42'
2026-02-26 08:19:43.913 [WARN ] eeg.parser.CSVParser$ - Ligne ignorée (id=526) : Valeur non entière pour age : '27.25'
2026-02-26 08:19:43.913 [WARN ] eeg.parser.CSVParser$ - Ligne ignorée (id=527) : Valeur non entière pour age : '26.48'
2026-02-26 08:19:43.913 [WARN ] eeg.parser.CSVParser$ - Ligne ignorée (id=528) : Valeur non entière pour age : '19.38'
2026-02-26 08:19:43.913 [WARN ] eeg.parser.CSVParser$ - Ligne ignorée (id=529) : Valeur non entière pour age : '27.73'
2026-02-26 08:19:43.913 [WARN ] eeg.parser.CSVParser$ - Ligne ignorée (id=530) : Valeur non entière pour age : '23.6'
2026-02-26 08:19:43.913 [WARN ] eeg.parser.CSVParser$ - Ligne ignorée (id=531) : Valeur non entière pour age : '49.78'
2026-02-26 08:19:43.913 [WARN ] eeg.parser.CSVParser$ - Ligne ignorée (id=532) : Valeur non entière pour age : '19.4'
2026-02-26 08:19:43.913 [WARN ] eeg.parser.CSVParser$ - Ligne ignorée (id=533) : Valeur non entière pour age : '29.93'
2026-02-26 08:19:43.913 [WARN ] eeg.parser.CSVParser$ - Ligne ignorée (id=534) : Valeur non entière pour age : '20.57'
2026-02-26 08:19:43.913 [WARN ] eeg.parser.CSVParser$ - Ligne ignorée (id=535) : Valeur non entière pour age : '50.4'
2026-02-26 08:19:43.913 [WARN ] eeg.parser.CSVParser$ - Ligne ignorée (id=536) : Valeur non entière pour age : '23.34'
2026-02-26 08:19:43.913 [WARN ] eeg.parser.CSVParser$ - Ligne ignorée (id=537) : Valeur non entière pour age : '27.7'
2026-02-26 08:19:43.913 [WARN ] eeg.parser.CSVParser$ - Ligne ignorée (id=538) : Valeur non entière pour age : '24.65'
2026-02-26 08:19:43.913 [WARN ] eeg.parser.CSVParser$ - Ligne ignorée (id=539) : Valeur non entière pour age : '47.44'
2026-02-26 08:19:43.913 [WARN ] eeg.parser.CSVParser$ - Ligne ignorée (id=540) : Valeur non entière pour age : '56.58'
2026-02-26 08:19:43.913 [WARN ] eeg.parser.CSVParser$ - Ligne ignorée (id=541) : Valeur non entière pour age : '21.6'
2026-02-26 08:19:43.913 [WARN ] eeg.parser.CSVParser$ - Ligne ignorée (id=542) : Valeur non entière pour age : '36.53'
2026-02-26 08:19:43.913 [WARN ] eeg.parser.CSVParser$ - Ligne ignorée (id=543) : Valeur non entière pour age : '55.83'
2026-02-26 08:19:43.913 [WARN ] eeg.parser.CSVParser$ - Ligne ignorée (id=544) : Valeur non entière pour age : '27.51'
2026-02-26 08:19:43.913 [WARN ] eeg.parser.CSVParser$ - Ligne ignorée (id=545) : Valeur non entière pour age : '19.85'
2026-02-26 08:19:43.913 [WARN ] eeg.parser.CSVParser$ - Ligne ignorée (id=546) : Valeur non entière pour age : '24.12'
2026-02-26 08:19:43.913 [WARN ] eeg.parser.CSVParser$ - Ligne ignorée (id=547) : Valeur non entière pour age : '57.78'
2026-02-26 08:19:43.913 [WARN ] eeg.parser.CSVParser$ - Ligne ignorée (id=548) : Valeur non entière pour age : '20.15'
2026-02-26 08:19:43.913 [WARN ] eeg.parser.CSVParser$ - Ligne ignorée (id=549) : Valeur non entière pour age : '50.22'
2026-02-26 08:19:43.913 [WARN ] eeg.parser.CSVParser$ - Ligne ignorée (id=550) : Valeur non entière pour age : '24.56'
2026-02-26 08:19:43.913 [WARN ] eeg.parser.CSVParser$ - Ligne ignorée (id=551) : Valeur non entière pour age : '19.17'
2026-02-26 08:19:43.913 [WARN ] eeg.parser.CSVParser$ - Ligne ignorée (id=552) : Valeur non entière pour age : '32.69'
2026-02-26 08:19:43.913 [WARN ] eeg.parser.CSVParser$ - Ligne ignorée (id=553) : Valeur non entière pour age : '19.77'
2026-02-26 08:19:43.913 [WARN ] eeg.parser.CSVParser$ - Ligne ignorée (id=554) : Valeur non entière pour age : '27.34'
2026-02-26 08:19:43.913 [WARN ] eeg.parser.CSVParser$ - Ligne ignorée (id=555) : Valeur non entière pour age : '21.31'
2026-02-26 08:19:43.913 [WARN ] eeg.parser.CSVParser$ - Ligne ignorée (id=556) : Valeur non entière pour age : '60.77'
2026-02-26 08:19:43.919 [WARN ] eeg.parser.CSVParser$ - Ligne ignorée (id=557) : Valeur non entière pour age : '18.93'
2026-02-26 08:19:43.920 [WARN ] eeg.parser.CSVParser$ - Ligne ignorée (id=558) : Valeur non entière pour age : '20.17'
2026-02-26 08:19:43.920 [WARN ] eeg.parser.CSVParser$ - Ligne ignorée (id=559) : Valeur non entière pour age : '42.29'
2026-02-26 08:19:43.922 [WARN ] eeg.parser.CSVParser$ - Ligne ignorée (id=560) : Valeur non entière pour age : '29.85'
2026-02-26 08:19:43.922 [WARN ] eeg.parser.CSVParser$ - Ligne ignorée (id=561) : Valeur non entière pour age : '46.21'
2026-02-26 08:19:43.922 [WARN ] eeg.parser.CSVParser$ - Ligne ignorée (id=562) : Valeur non entière pour age : '22.99'
2026-02-26 08:19:43.922 [WARN ] eeg.parser.CSVParser$ - Ligne ignorée (id=563) : Valeur non entière pour age : '35.47'
2026-02-26 08:19:43.922 [WARN ] eeg.parser.CSVParser$ - Ligne ignorée (id=564) : Valeur non entière pour age : '25.68'
2026-02-26 08:19:43.924 [WARN ] eeg.parser.CSVParser$ - Ligne ignorée (id=565) : Valeur non entière pour age : '38.83'
2026-02-26 08:19:43.924 [WARN ] eeg.parser.CSVParser$ - Ligne ignorée (id=566) : Valeur non entière pour age : '31.55'
2026-02-26 08:19:43.924 [WARN ] eeg.parser.CSVParser$ - Ligne ignorée (id=567) : Valeur non entière pour age : '56.27'
2026-02-26 08:19:43.924 [WARN ] eeg.parser.CSVParser$ - Ligne ignorée (id=569) : Valeur non entière pour age : '44.62'
2026-02-26 08:19:43.924 [WARN ] eeg.parser.CSVParser$ - Ligne ignorée (id=570) : Valeur non entière pour age : '19.54'
2026-02-26 08:19:43.924 [WARN ] eeg.parser.CSVParser$ - Ligne ignorée (id=571) : Valeur non entière pour age : '54.62'
2026-02-26 08:19:43.924 [WARN ] eeg.parser.CSVParser$ - Ligne ignorée (id=572) : Valeur non entière pour age : '20.95'
2026-02-26 08:19:43.924 [WARN ] eeg.parser.CSVParser$ - Ligne ignorée (id=573) : Valeur non entière pour age : '32.59'
2026-02-26 08:19:43.924 [WARN ] eeg.parser.CSVParser$ - Ligne ignorée (id=574) : Valeur non entière pour age : '18.44'
2026-02-26 08:19:43.924 [WARN ] eeg.parser.CSVParser$ - Ligne ignorée (id=575) : Valeur non entière pour age : '21.91'
2026-02-26 08:19:43.924 [WARN ] eeg.parser.CSVParser$ - Ligne ignorée (id=576) : Valeur non entière pour age : '55.88'
2026-02-26 08:19:43.924 [WARN ] eeg.parser.CSVParser$ - Ligne ignorée (id=577) : Valeur non entière pour age : '29.58'
2026-02-26 08:19:43.924 [WARN ] eeg.parser.CSVParser$ - Ligne ignorée (id=578) : Valeur non entière pour age : '22.75'
2026-02-26 08:19:43.924 [WARN ] eeg.parser.CSVParser$ - Ligne ignorée (id=579) : Valeur non entière pour age : '20.31'
2026-02-26 08:19:43.924 [WARN ] eeg.parser.CSVParser$ - Ligne ignorée (id=580) : Valeur non entière pour age : '34.79'
2026-02-26 08:19:43.924 [WARN ] eeg.parser.CSVParser$ - Ligne ignorée (id=581) : Valeur non entière pour age : '20.46'
2026-02-26 08:19:43.924 [WARN ] eeg.parser.CSVParser$ - Ligne ignorée (id=582) : Valeur non entière pour age : '26.54'
2026-02-26 08:19:43.924 [WARN ] eeg.parser.CSVParser$ - Ligne ignorée (id=583) : Valeur non entière pour age : '21.14'
2026-02-26 08:19:43.924 [WARN ] eeg.parser.CSVParser$ - Ligne ignorée (id=584) : Valeur non entière pour age : '49.49'
2026-02-26 08:19:43.924 [WARN ] eeg.parser.CSVParser$ - Ligne ignorée (id=585) : Valeur non entière pour age : '24.67'
2026-02-26 08:19:43.924 [WARN ] eeg.parser.CSVParser$ - Ligne ignorée (id=586) : Valeur non entière pour age : '19.37'
2026-02-26 08:19:43.924 [WARN ] eeg.parser.CSVParser$ - Ligne ignorée (id=587) : Valeur non entière pour age : '51.6'
2026-02-26 08:19:43.924 [WARN ] eeg.parser.CSVParser$ - Ligne ignorée (id=588) : Valeur non entière pour age : '25.94'
2026-02-26 08:19:43.924 [WARN ] eeg.parser.CSVParser$ - Ligne ignorée (id=589) : Valeur non entière pour age : '26.17'
2026-02-26 08:19:43.924 [WARN ] eeg.parser.CSVParser$ - Ligne ignorée (id=590) : Valeur non entière pour age : '21.26'
2026-02-26 08:19:43.924 [WARN ] eeg.parser.CSVParser$ - Ligne ignorée (id=591) : Valeur non entière pour age : '33.42'
2026-02-26 08:19:43.924 [WARN ] eeg.parser.CSVParser$ - Ligne ignorée (id=592) : Valeur non entière pour age : '30.32'
2026-02-26 08:19:43.924 [WARN ] eeg.parser.CSVParser$ - Ligne ignorée (id=593) : Valeur non entière pour age : '25.98'
2026-02-26 08:19:43.924 [WARN ] eeg.parser.CSVParser$ - Ligne ignorée (id=594) : Valeur non entière pour age : '27.33'
2026-02-26 08:19:43.924 [WARN ] eeg.parser.CSVParser$ - Ligne ignorée (id=595) : Valeur non entière pour age : '35.8'
2026-02-26 08:19:43.924 [WARN ] eeg.parser.CSVParser$ - Ligne ignorée (id=596) : Valeur non entière pour age : '40.7'
2026-02-26 08:19:43.929 [WARN ] eeg.parser.CSVParser$ - Ligne ignorée (id=597) : Valeur non entière pour age : '34.36'
2026-02-26 08:19:43.929 [WARN ] eeg.parser.CSVParser$ - Ligne ignorée (id=598) : Valeur non entière pour age : '28.76'
2026-02-26 08:19:43.929 [WARN ] eeg.parser.CSVParser$ - Ligne ignorée (id=599) : Valeur non entière pour age : '20.9'
2026-02-26 08:19:43.929 [WARN ] eeg.parser.CSVParser$ - Ligne ignorée (id=600) : Valeur non entière pour age : '20.18'
2026-02-26 08:19:43.929 [WARN ] eeg.parser.CSVParser$ - Ligne ignorée (id=601) : Valeur non entière pour age : '41.11'
2026-02-26 08:19:43.929 [WARN ] eeg.parser.CSVParser$ - Ligne ignorée (id=602) : Valeur non entière pour age : '21.22'
2026-02-26 08:19:43.929 [WARN ] eeg.parser.CSVParser$ - Ligne ignorée (id=603) : Valeur non entière pour age : '55.25'
2026-02-26 08:19:43.929 [WARN ] eeg.parser.CSVParser$ - Ligne ignorée (id=604) : Valeur non entière pour age : '22.71'
2026-02-26 08:19:43.929 [WARN ] eeg.parser.CSVParser$ - Ligne ignorée (id=605) : Valeur non entière pour age : '19.73'
2026-02-26 08:19:43.929 [WARN ] eeg.parser.CSVParser$ - Ligne ignorée (id=606) : Valeur non entière pour age : '36.27'
2026-02-26 08:19:43.929 [WARN ] eeg.parser.CSVParser$ - Ligne ignorée (id=607) : Valeur non entière pour age : '19.06'
2026-02-26 08:19:43.929 [WARN ] eeg.parser.CSVParser$ - Ligne ignorée (id=608) : Valeur non entière pour age : '18.5'
2026-02-26 08:19:43.929 [WARN ] eeg.parser.CSVParser$ - Ligne ignorée (id=609) : Valeur non entière pour age : '38.58'
2026-02-26 08:19:43.929 [WARN ] eeg.parser.CSVParser$ - Ligne ignorée (id=610) : Valeur non entière pour age : '20.89'
2026-02-26 08:19:43.929 [WARN ] eeg.parser.CSVParser$ - Ligne ignorée (id=612) : Valeur non entière pour age : '18.69'
2026-02-26 08:19:43.929 [WARN ] eeg.parser.CSVParser$ - Ligne ignorée (id=613) : Valeur non entière pour age : '39.52'
2026-02-26 08:19:43.929 [WARN ] eeg.parser.CSVParser$ - Ligne ignorée (id=614) : Valeur non entière pour age : '41.18'
2026-02-26 08:19:43.933 [WARN ] eeg.parser.CSVParser$ - Ligne ignorée (id=615) : Valeur non entière pour age : '54.96'
2026-02-26 08:19:43.933 [WARN ] eeg.parser.CSVParser$ - Ligne ignorée (id=616) : Valeur non entière pour age : '23.39'
2026-02-26 08:19:43.933 [WARN ] eeg.parser.CSVParser$ - Ligne ignorée (id=617) : Valeur non entière pour age : '24.78'
2026-02-26 08:19:43.933 [WARN ] eeg.parser.CSVParser$ - Ligne ignorée (id=618) : Valeur non entière pour age : '20.08'
2026-02-26 08:19:43.933 [WARN ] eeg.parser.CSVParser$ - Ligne ignorée (id=619) : Valeur non entière pour age : '25.71'
2026-02-26 08:19:43.933 [WARN ] eeg.parser.CSVParser$ - Ligne ignorée (id=620) : Valeur non entière pour age : '19.78'
2026-02-26 08:19:43.933 [WARN ] eeg.parser.CSVParser$ - Ligne ignorée (id=621) : Valeur non entière pour age : '38.95'
2026-02-26 08:19:43.933 [WARN ] eeg.parser.CSVParser$ - Ligne ignorée (id=622) : Valeur non entière pour age : '20.19'
2026-02-26 08:19:43.933 [WARN ] eeg.parser.CSVParser$ - Ligne ignorée (id=623) : Valeur non entière pour age : '32.54'
2026-02-26 08:19:43.933 [WARN ] eeg.parser.CSVParser$ - Ligne ignorée (id=624) : Valeur non entière pour age : '20.1'
2026-02-26 08:19:43.933 [WARN ] eeg.parser.CSVParser$ - Ligne ignorée (id=625) : Valeur non entière pour age : '47.36'
2026-02-26 08:19:43.933 [WARN ] eeg.parser.CSVParser$ - Ligne ignorée (id=626) : Valeur non entière pour age : '22.19'
2026-02-26 08:19:43.933 [WARN ] eeg.parser.CSVParser$ - Ligne ignorée (id=627) : Valeur non entière pour age : '43.46'
2026-02-26 08:19:43.933 [WARN ] eeg.parser.CSVParser$ - Ligne ignorée (id=628) : Valeur non entière pour age : '38.1'
2026-02-26 08:19:43.933 [WARN ] eeg.parser.CSVParser$ - Ligne ignorée (id=629) : Valeur non entière pour age : '20.16'
2026-02-26 08:19:43.933 [WARN ] eeg.parser.CSVParser$ - Ligne ignorée (id=630) : Valeur non entière pour age : '23.16'
2026-02-26 08:19:43.933 [WARN ] eeg.parser.CSVParser$ - Ligne ignorée (id=631) : Valeur non entière pour age : '20.07'
2026-02-26 08:19:43.933 [WARN ] eeg.parser.CSVParser$ - Ligne ignorée (id=632) : Valeur non entière pour age : '21.25'
2026-02-26 08:19:43.933 [WARN ] eeg.parser.CSVParser$ - Ligne ignorée (id=633) : Valeur non entière pour age : '29.95'
2026-02-26 08:19:43.933 [WARN ] eeg.parser.CSVParser$ - Ligne ignorée (id=634) : Valeur non entière pour age : '28.33'
2026-02-26 08:19:43.936 [WARN ] eeg.parser.CSVParser$ - Ligne ignorée (id=635) : Valeur non entière pour age : '31.3'
2026-02-26 08:19:43.937 [WARN ] eeg.parser.CSVParser$ - Ligne ignorée (id=636) : Valeur non entière pour age : '33.27'
2026-02-26 08:19:43.937 [WARN ] eeg.parser.CSVParser$ - Ligne ignorée (id=637) : Valeur non entière pour age : '21.72'
2026-02-26 08:19:43.937 [WARN ] eeg.parser.CSVParser$ - Ligne ignorée (id=638) : Valeur non entière pour age : '22.8'
2026-02-26 08:19:43.937 [WARN ] eeg.parser.CSVParser$ - Ligne ignorée (id=639) : Valeur non entière pour age : '41.9'
2026-02-26 08:19:43.937 [WARN ] eeg.parser.CSVParser$ - Ligne ignorée (id=640) : Valeur non entière pour age : '21.29'
2026-02-26 08:19:43.937 [WARN ] eeg.parser.CSVParser$ - Ligne ignorée (id=641) : Valeur non entière pour age : '21.73'
2026-02-26 08:19:43.937 [WARN ] eeg.parser.CSVParser$ - Ligne ignorée (id=642) : Valeur non entière pour age : '19.08'
2026-02-26 08:19:43.937 [WARN ] eeg.parser.CSVParser$ - Ligne ignorée (id=643) : Valeur non entière pour age : '24.19'
2026-02-26 08:19:43.937 [WARN ] eeg.parser.CSVParser$ - Ligne ignorée (id=644) : Valeur non entière pour age : '23.92'
2026-02-26 08:19:43.937 [WARN ] eeg.parser.CSVParser$ - Ligne ignorée (id=645) : Valeur non entière pour age : '40.71'
2026-02-26 08:19:43.939 [WARN ] eeg.parser.CSVParser$ - Ligne ignorée (id=646) : Valeur non entière pour age : '32.77'
2026-02-26 08:19:43.939 [WARN ] eeg.parser.CSVParser$ - Ligne ignorée (id=647) : Valeur non entière pour age : '29.27'
2026-02-26 08:19:43.939 [WARN ] eeg.parser.CSVParser$ - Ligne ignorée (id=648) : Valeur non entière pour age : '54.44'
2026-02-26 08:19:43.941 [WARN ] eeg.parser.CSVParser$ - Ligne ignorée (id=649) : Valeur non entière pour age : '34.73'
2026-02-26 08:19:43.945 [WARN ] eeg.parser.CSVParser$ - Ligne ignorée (id=650) : Valeur non entière pour age : '44.45'
2026-02-26 08:19:43.945 [WARN ] eeg.parser.CSVParser$ - Ligne ignorée (id=651) : Valeur non entière pour age : '19.35'
2026-02-26 08:19:43.945 [WARN ] eeg.parser.CSVParser$ - Ligne ignorée (id=652) : Valeur non entière pour age : '19.97'
2026-02-26 08:19:43.947 [WARN ] eeg.parser.CSVParser$ - Ligne ignorée (id=653) : Valeur non entière pour age : '26.51'
2026-02-26 08:19:43.947 [WARN ] eeg.parser.CSVParser$ - Ligne ignorée (id=654) : Valeur non entière pour age : '28.29'
2026-02-26 08:19:43.949 [WARN ] eeg.parser.CSVParser$ - Ligne ignorée (id=655) : Valeur non entière pour age : '19.88'
2026-02-26 08:19:43.951 [WARN ] eeg.parser.CSVParser$ - Ligne ignorée (id=656) : Valeur non entière pour age : '47.84'
2026-02-26 08:19:43.951 [WARN ] eeg.parser.CSVParser$ - Ligne ignorée (id=657) : Valeur non entière pour age : '36.21'
2026-02-26 08:19:43.953 [WARN ] eeg.parser.CSVParser$ - Ligne ignorée (id=660) : Valeur non entière pour age : '29.21'
2026-02-26 08:19:43.955 [WARN ] eeg.parser.CSVParser$ - Ligne ignorée (id=661) : Valeur non entière pour age : '19.23'
2026-02-26 08:19:43.957 [WARN ] eeg.parser.CSVParser$ - Ligne ignorée (id=662) : Valeur non entière pour age : '60.37'
2026-02-26 08:19:43.957 [WARN ] eeg.parser.CSVParser$ - Ligne ignorée (id=663) : Valeur non entière pour age : '22.22'
2026-02-26 08:19:43.957 [WARN ] eeg.parser.CSVParser$ - Ligne ignorée (id=664) : Valeur non entière pour age : '22.79'
2026-02-26 08:19:43.957 [WARN ] eeg.parser.CSVParser$ - Ligne ignorée (id=665) : Valeur non entière pour age : '51.84'
2026-02-26 08:19:43.957 [WARN ] eeg.parser.CSVParser$ - Ligne ignorée (id=666) : Valeur non entière pour age : '23.38'
2026-02-26 08:19:43.957 [WARN ] eeg.parser.CSVParser$ - Ligne ignorée (id=667) : Valeur non entière pour age : '19.31'
2026-02-26 08:19:43.957 [WARN ] eeg.parser.CSVParser$ - Ligne ignorée (id=668) : Valeur non entière pour age : '43.5'
2026-02-26 08:19:43.957 [WARN ] eeg.parser.CSVParser$ - Ligne ignorée (id=669) : Valeur non entière pour age : '25.79'
2026-02-26 08:19:43.957 [WARN ] eeg.parser.CSVParser$ - Ligne ignorée (id=670) : Valeur non entière pour age : '28.06'
2026-02-26 08:19:43.957 [WARN ] eeg.parser.CSVParser$ - Ligne ignorée (id=671) : Valeur non entière pour age : '27.73'
2026-02-26 08:19:43.957 [WARN ] eeg.parser.CSVParser$ - Ligne ignorée (id=672) : Valeur non entière pour age : '18.88'
2026-02-26 08:19:43.957 [WARN ] eeg.parser.CSVParser$ - Ligne ignorée (id=673) : Valeur non entière pour age : '47.21'
2026-02-26 08:19:43.957 [WARN ] eeg.parser.CSVParser$ - Ligne ignorée (id=674) : Valeur non entière pour age : '20.98'
2026-02-26 08:19:43.957 [WARN ] eeg.parser.CSVParser$ - Ligne ignorée (id=675) : Valeur non entière pour age : '22.77'
2026-02-26 08:19:43.957 [WARN ] eeg.parser.CSVParser$ - Ligne ignorée (id=676) : Valeur non entière pour age : '20.52'
2026-02-26 08:19:43.957 [WARN ] eeg.parser.CSVParser$ - Ligne ignorée (id=677) : Valeur non entière pour age : '21.15'
2026-02-26 08:19:43.957 [WARN ] eeg.parser.CSVParser$ - Ligne ignorée (id=678) : Valeur non entière pour age : '53.27'
2026-02-26 08:19:43.957 [WARN ] eeg.parser.CSVParser$ - Ligne ignorée (id=679) : Valeur non entière pour age : '20.98'
2026-02-26 08:19:43.960 [WARN ] eeg.parser.CSVParser$ - Ligne ignorée (id=680) : Valeur non entière pour age : '25.11'
2026-02-26 08:19:43.960 [WARN ] eeg.parser.CSVParser$ - Ligne ignorée (id=681) : Valeur non entière pour age : '46.03'
2026-02-26 08:19:43.960 [WARN ] eeg.parser.CSVParser$ - Ligne ignorée (id=682) : Valeur non entière pour age : '58.12'
2026-02-26 08:19:43.960 [WARN ] eeg.parser.CSVParser$ - Ligne ignorée (id=683) : Valeur non entière pour age : '31.78'
2026-02-26 08:19:43.960 [WARN ] eeg.parser.CSVParser$ - Ligne ignorée (id=684) : Valeur non entière pour age : '28.05'
2026-02-26 08:19:43.960 [WARN ] eeg.parser.CSVParser$ - Ligne ignorée (id=685) : Valeur non entière pour age : '59.44'
2026-02-26 08:19:43.960 [WARN ] eeg.parser.CSVParser$ - Ligne ignorée (id=686) : Valeur non entière pour age : '59.12'
2026-02-26 08:19:43.960 [WARN ] eeg.parser.CSVParser$ - Ligne ignorée (id=687) : Valeur non entière pour age : '31.07'
2026-02-26 08:19:43.960 [WARN ] eeg.parser.CSVParser$ - Ligne ignorée (id=688) : Valeur non entière pour age : '28.02'
2026-02-26 08:19:43.960 [WARN ] eeg.parser.CSVParser$ - Ligne ignorée (id=689) : Valeur non entière pour age : '37.76'
2026-02-26 08:19:43.960 [WARN ] eeg.parser.CSVParser$ - Ligne ignorée (id=690) : Valeur non entière pour age : '20.41'
2026-02-26 08:19:43.960 [WARN ] eeg.parser.CSVParser$ - Ligne ignorée (id=691) : Valeur non entière pour age : '33.38'
2026-02-26 08:19:43.960 [WARN ] eeg.parser.CSVParser$ - Ligne ignorée (id=692) : Valeur non entière pour age : '23.51'
2026-02-26 08:19:43.960 [WARN ] eeg.parser.CSVParser$ - Ligne ignorée (id=693) : Valeur non entière pour age : '55.46'
2026-02-26 08:19:43.960 [WARN ] eeg.parser.CSVParser$ - Ligne ignorée (id=694) : Valeur non entière pour age : '19.41'
2026-02-26 08:19:43.960 [WARN ] eeg.parser.CSVParser$ - Ligne ignorée (id=695) : Valeur non entière pour age : '46.79'
2026-02-26 08:19:43.960 [WARN ] eeg.parser.CSVParser$ - Ligne ignorée (id=696) : Valeur non entière pour age : '18.41'
2026-02-26 08:19:43.960 [WARN ] eeg.parser.CSVParser$ - Ligne ignorée (id=697) : Valeur non entière pour age : '20.67'
2026-02-26 08:19:43.963 [WARN ] eeg.parser.CSVParser$ - Ligne ignorée (id=698) : Valeur non entière pour age : '20.08'
2026-02-26 08:19:43.965 [WARN ] eeg.parser.CSVParser$ - Ligne ignorée (id=699) : Valeur non entière pour age : '26.05'
2026-02-26 08:19:43.965 [WARN ] eeg.parser.CSVParser$ - Ligne ignorée (id=700) : Valeur non entière pour age : '22.99'
2026-02-26 08:19:43.965 [WARN ] eeg.parser.CSVParser$ - Ligne ignorée (id=701) : Valeur non entière pour age : '30.32'
2026-02-26 08:19:43.965 [WARN ] eeg.parser.CSVParser$ - Ligne ignorée (id=702) : Valeur non entière pour age : '24.79'
2026-02-26 08:19:43.965 [WARN ] eeg.parser.CSVParser$ - Ligne ignorée (id=703) : Valeur non entière pour age : '34.09'
2026-02-26 08:19:43.965 [WARN ] eeg.parser.CSVParser$ - Ligne ignorée (id=704) : Valeur non entière pour age : '28.63'
2026-02-26 08:19:43.965 [WARN ] eeg.parser.CSVParser$ - Ligne ignorée (id=705) : Valeur non entière pour age : '68.4'
2026-02-26 08:19:43.965 [WARN ] eeg.parser.CSVParser$ - Ligne ignorée (id=706) : Valeur non entière pour age : '21.95'
2026-02-26 08:19:43.965 [WARN ] eeg.parser.CSVParser$ - Ligne ignorée (id=707) : Valeur non entière pour age : '44.9'
2026-02-26 08:19:43.965 [WARN ] eeg.parser.CSVParser$ - Ligne ignorée (id=708) : Valeur non entière pour age : '19.46'
2026-02-26 08:19:43.965 [WARN ] eeg.parser.CSVParser$ - Ligne ignorée (id=709) : Valeur non entière pour age : '26.82'
2026-02-26 08:19:43.965 [WARN ] eeg.parser.CSVParser$ - Ligne ignorée (id=710) : Valeur non entière pour age : '20.4'
2026-02-26 08:19:43.967 [WARN ] eeg.parser.CSVParser$ - Ligne ignorée (id=711) : Valeur non entière pour age : '54.5'
2026-02-26 08:19:43.967 [WARN ] eeg.parser.CSVParser$ - Ligne ignorée (id=712) : Valeur non entière pour age : '26.09'
2026-02-26 08:19:43.967 [WARN ] eeg.parser.CSVParser$ - Ligne ignorée (id=713) : Valeur non entière pour age : '19.94'
2026-02-26 08:19:43.967 [WARN ] eeg.parser.CSVParser$ - Ligne ignorée (id=714) : Valeur non entière pour age : '20.76'
2026-02-26 08:19:43.967 [WARN ] eeg.parser.CSVParser$ - Ligne ignorée (id=715) : Valeur non entière pour age : '23.92'
2026-02-26 08:19:43.967 [WARN ] eeg.parser.CSVParser$ - Ligne ignorée (id=716) : Valeur non entière pour age : '20.65'
2026-02-26 08:19:43.967 [WARN ] eeg.parser.CSVParser$ - Ligne ignorée (id=717) : Valeur non entière pour age : '18.18'
2026-02-26 08:19:43.967 [WARN ] eeg.parser.CSVParser$ - Ligne ignorée (id=718) : Valeur non entière pour age : '20.1'
2026-02-26 08:19:43.982 [WARN ] eeg.parser.CSVParser$ - Ligne ignorée (id=719) : Valeur non entière pour age : '18.9'
2026-02-26 08:19:43.984 [WARN ] eeg.parser.CSVParser$ - Ligne ignorée (id=720) : Valeur non entière pour age : '24.86'
2026-02-26 08:19:43.984 [WARN ] eeg.parser.CSVParser$ - Ligne ignorée (id=721) : Valeur non entière pour age : '22.21'
2026-02-26 08:19:43.984 [WARN ] eeg.parser.CSVParser$ - Ligne ignorée (id=722) : Valeur non entière pour age : '26.43'
2026-02-26 08:19:43.984 [WARN ] eeg.parser.CSVParser$ - Ligne ignorée (id=723) : Valeur non entière pour age : '25.34'
2026-02-26 08:19:43.984 [WARN ] eeg.parser.CSVParser$ - Ligne ignorée (id=724) : Valeur non entière pour age : '23.7'
2026-02-26 08:19:43.986 [WARN ] eeg.parser.CSVParser$ - Ligne ignorée (id=725) : Valeur non entière pour age : '31.93'
2026-02-26 08:19:43.986 [WARN ] eeg.parser.CSVParser$ - Ligne ignorée (id=726) : Valeur non entière pour age : '25.86'
2026-02-26 08:19:43.986 [WARN ] eeg.parser.CSVParser$ - Ligne ignorée (id=727) : Valeur non entière pour age : '26.01'
2026-02-26 08:19:43.986 [WARN ] eeg.parser.CSVParser$ - Ligne ignorée (id=728) : Valeur non entière pour age : '24.14'
2026-02-26 08:19:43.986 [WARN ] eeg.parser.CSVParser$ - Ligne ignorée (id=729) : Valeur non entière pour age : '27.46'
2026-02-26 08:19:43.986 [WARN ] eeg.parser.CSVParser$ - Ligne ignorée (id=730) : Valeur non entière pour age : '56.72'
2026-02-26 08:19:43.988 [WARN ] eeg.parser.CSVParser$ - Ligne ignorée (id=731) : Valeur non entière pour age : '27.13'
2026-02-26 08:19:43.988 [WARN ] eeg.parser.CSVParser$ - Ligne ignorée (id=732) : Valeur non entière pour age : '23.92'
2026-02-26 08:19:43.988 [WARN ] eeg.parser.CSVParser$ - Ligne ignorée (id=733) : Valeur non entière pour age : '28.02'
2026-02-26 08:19:43.988 [WARN ] eeg.parser.CSVParser$ - Ligne ignorée (id=734) : Valeur non entière pour age : '33.36'
2026-02-26 08:19:43.988 [WARN ] eeg.parser.CSVParser$ - Ligne ignorée (id=735) : Valeur non entière pour age : '27.95'
2026-02-26 08:19:43.988 [WARN ] eeg.parser.CSVParser$ - Ligne ignorée (id=736) : Valeur non entière pour age : '21.76'
2026-02-26 08:19:43.988 [WARN ] eeg.parser.CSVParser$ - Ligne ignorée (id=737) : Valeur non entière pour age : '61.08'
2026-02-26 08:19:43.988 [WARN ] eeg.parser.CSVParser$ - Ligne ignorée (id=738) : Valeur non entière pour age : '43.13'
2026-02-26 08:19:43.988 [WARN ] eeg.parser.CSVParser$ - Ligne ignorée (id=739) : Valeur non entière pour age : '19.71'
2026-02-26 08:19:43.988 [WARN ] eeg.parser.CSVParser$ - Ligne ignorée (id=740) : Valeur non entière pour age : '61.37'
2026-02-26 08:19:43.990 [WARN ] eeg.parser.CSVParser$ - Ligne ignorée (id=741) : Valeur non entière pour age : '59.99'
2026-02-26 08:19:43.990 [WARN ] eeg.parser.CSVParser$ - Ligne ignorée (id=742) : Valeur non entière pour age : '46.29'
2026-02-26 08:19:43.990 [WARN ] eeg.parser.CSVParser$ - Ligne ignorée (id=743) : Valeur non entière pour age : '23.02'
2026-02-26 08:19:43.992 [WARN ] eeg.parser.CSVParser$ - Ligne ignorée (id=744) : Valeur non entière pour age : '71.88'
2026-02-26 08:19:43.992 [WARN ] eeg.parser.CSVParser$ - Ligne ignorée (id=745) : Valeur non entière pour age : '22.09'
2026-02-26 08:19:43.992 [WARN ] eeg.parser.CSVParser$ - Ligne ignorée (id=746) : Valeur non entière pour age : '40.72'
2026-02-26 08:19:43.996 [WARN ] eeg.parser.CSVParser$ - Ligne ignorée (id=747) : Valeur non entière pour age : '56.62'
2026-02-26 08:19:43.998 [WARN ] eeg.parser.CSVParser$ - Ligne ignorée (id=748) : Valeur non entière pour age : '26.2'
2026-02-26 08:19:43.998 [WARN ] eeg.parser.CSVParser$ - Ligne ignorée (id=749) : Valeur non entière pour age : '29.18'
2026-02-26 08:19:43.998 [WARN ] eeg.parser.CSVParser$ - Ligne ignorée (id=750) : Valeur non entière pour age : '35.52'
2026-02-26 08:19:43.998 [WARN ] eeg.parser.CSVParser$ - Ligne ignorée (id=751) : Valeur non entière pour age : '41.56'
2026-02-26 08:19:43.998 [WARN ] eeg.parser.CSVParser$ - Ligne ignorée (id=752) : Valeur non entière pour age : '49.46'
2026-02-26 08:19:43.998 [WARN ] eeg.parser.CSVParser$ - Ligne ignorée (id=753) : Valeur non entière pour age : '25.55'
2026-02-26 08:19:43.998 [WARN ] eeg.parser.CSVParser$ - Ligne ignorée (id=754) : Valeur non entière pour age : '27.43'
2026-02-26 08:19:43.998 [WARN ] eeg.parser.CSVParser$ - Ligne ignorée (id=755) : Valeur non entière pour age : '24.96'
2026-02-26 08:19:44.000 [WARN ] eeg.parser.CSVParser$ - Ligne ignorée (id=756) : Valeur non entière pour age : '22.15'
2026-02-26 08:19:44.000 [WARN ] eeg.parser.CSVParser$ - Ligne ignorée (id=757) : Valeur non entière pour age : '21.35'
2026-02-26 08:19:44.000 [WARN ] eeg.parser.CSVParser$ - Ligne ignorée (id=758) : Valeur non entière pour age : '22.16'
2026-02-26 08:19:44.000 [WARN ] eeg.parser.CSVParser$ - Ligne ignorée (id=759) : Valeur non entière pour age : '20.17'
2026-02-26 08:19:44.000 [WARN ] eeg.parser.CSVParser$ - Ligne ignorée (id=760) : Valeur non entière pour age : '23.13'
2026-02-26 08:19:44.000 [WARN ] eeg.parser.CSVParser$ - Ligne ignorée (id=761) : Valeur non entière pour age : '20.36'
2026-02-26 08:19:44.000 [WARN ] eeg.parser.CSVParser$ - Ligne ignorée (id=762) : Valeur non entière pour age : '18.73'
2026-02-26 08:19:44.000 [WARN ] eeg.parser.CSVParser$ - Ligne ignorée (id=763) : Valeur non entière pour age : '22.01'
2026-02-26 08:19:44.000 [WARN ] eeg.parser.CSVParser$ - Ligne ignorée (id=764) : Valeur non entière pour age : '19.61'
2026-02-26 08:19:44.000 [WARN ] eeg.parser.CSVParser$ - Ligne ignorée (id=765) : Valeur non entière pour age : '51.26'
2026-02-26 08:19:44.000 [WARN ] eeg.parser.CSVParser$ - Ligne ignorée (id=766) : Valeur non entière pour age : '20.52'
2026-02-26 08:19:44.002 [WARN ] eeg.parser.CSVParser$ - Ligne ignorée (id=767) : Valeur non entière pour age : '19.88'
2026-02-26 08:19:44.002 [WARN ] eeg.parser.CSVParser$ - Ligne ignorée (id=768) : Valeur non entière pour age : '21.89'
2026-02-26 08:19:44.002 [WARN ] eeg.parser.CSVParser$ - Ligne ignorée (id=769) : Valeur non entière pour age : '25.71'
2026-02-26 08:19:44.002 [WARN ] eeg.parser.CSVParser$ - Ligne ignorée (id=770) : Valeur non entière pour age : '50.08'
2026-02-26 08:19:44.002 [WARN ] eeg.parser.CSVParser$ - Ligne ignorée (id=771) : Valeur non entière pour age : '21.7'
2026-02-26 08:19:44.002 [WARN ] eeg.parser.CSVParser$ - Ligne ignorée (id=772) : Valeur non entière pour age : '20.4'
2026-02-26 08:19:44.002 [WARN ] eeg.parser.CSVParser$ - Ligne ignorée (id=773) : Valeur non entière pour age : '32.35'
2026-02-26 08:19:44.002 [WARN ] eeg.parser.CSVParser$ - Ligne ignorée (id=774) : Valeur non entière pour age : '20.68'
2026-02-26 08:19:44.002 [WARN ] eeg.parser.CSVParser$ - Ligne ignorée (id=775) : Valeur non entière pour age : '21.25'
2026-02-26 08:19:44.002 [WARN ] eeg.parser.CSVParser$ - Ligne ignorée (id=776) : Valeur non entière pour age : '26.39'
2026-02-26 08:19:44.002 [WARN ] eeg.parser.CSVParser$ - Ligne ignorée (id=777) : Valeur non entière pour age : '36.76'
2026-02-26 08:19:44.002 [WARN ] eeg.parser.CSVParser$ - Ligne ignorée (id=778) : Valeur non entière pour age : '51.86'
2026-02-26 08:19:44.002 [WARN ] eeg.parser.CSVParser$ - Ligne ignorée (id=779) : Valeur non entière pour age : '49.31'
2026-02-26 08:19:44.004 [WARN ] eeg.parser.CSVParser$ - Ligne ignorée (id=780) : Valeur non entière pour age : '19.84'
2026-02-26 08:19:44.004 [WARN ] eeg.parser.CSVParser$ - Ligne ignorée (id=781) : Valeur non entière pour age : '57.87'
2026-02-26 08:19:44.005 [WARN ] eeg.parser.CSVParser$ - Ligne ignorée (id=782) : Valeur non entière pour age : '19.36'
2026-02-26 08:19:44.005 [WARN ] eeg.parser.CSVParser$ - Ligne ignorée (id=783) : Valeur non entière pour age : '20.27'
2026-02-26 08:19:44.005 [WARN ] eeg.parser.CSVParser$ - Ligne ignorée (id=784) : Valeur non entière pour age : '18.78'
2026-02-26 08:19:44.007 [WARN ] eeg.parser.CSVParser$ - Ligne ignorée (id=785) : Valeur non entière pour age : '20.5'
2026-02-26 08:19:44.007 [WARN ] eeg.parser.CSVParser$ - Ligne ignorée (id=786) : Valeur non entière pour age : '19.42'
2026-02-26 08:19:44.007 [WARN ] eeg.parser.CSVParser$ - Ligne ignorée (id=787) : Valeur non entière pour age : '19.95'
2026-02-26 08:19:44.007 [WARN ] eeg.parser.CSVParser$ - Ligne ignorée (id=788) : Valeur non entière pour age : '22.78'
2026-02-26 08:19:44.007 [WARN ] eeg.parser.CSVParser$ - Ligne ignorée (id=789) : Valeur non entière pour age : '20.16'
2026-02-26 08:19:44.007 [WARN ] eeg.parser.CSVParser$ - Ligne ignorée (id=790) : Valeur non entière pour age : '61.49'
2026-02-26 08:19:44.007 [WARN ] eeg.parser.CSVParser$ - Ligne ignorée (id=791) : Valeur non entière pour age : '36.47'
2026-02-26 08:19:44.007 [WARN ] eeg.parser.CSVParser$ - Ligne ignorée (id=792) : Valeur non entière pour age : '35.58'
2026-02-26 08:19:44.009 [WARN ] eeg.parser.CSVParser$ - Ligne ignorée (id=793) : Valeur non entière pour age : '51.53'
2026-02-26 08:19:44.009 [WARN ] eeg.parser.CSVParser$ - Ligne ignorée (id=794) : Valeur non entière pour age : '40.24'
2026-02-26 08:19:44.009 [WARN ] eeg.parser.CSVParser$ - Ligne ignorée (id=795) : Valeur non entière pour age : '39.55'
2026-02-26 08:19:44.009 [WARN ] eeg.parser.CSVParser$ - Ligne ignorée (id=796) : Valeur non entière pour age : '19.15'
2026-02-26 08:19:44.009 [WARN ] eeg.parser.CSVParser$ - Ligne ignorée (id=797) : Valeur non entière pour age : '18.54'
2026-02-26 08:19:44.009 [WARN ] eeg.parser.CSVParser$ - Ligne ignorée (id=798) : Valeur non entière pour age : '19.68'
2026-02-26 08:19:44.009 [WARN ] eeg.parser.CSVParser$ - Ligne ignorée (id=799) : Valeur non entière pour age : '64.44'
2026-02-26 08:19:44.009 [WARN ] eeg.parser.CSVParser$ - Ligne ignorée (id=800) : Valeur non entière pour age : '24.9'
2026-02-26 08:19:44.009 [WARN ] eeg.parser.CSVParser$ - Ligne ignorée (id=801) : Valeur non entière pour age : '24.35'
2026-02-26 08:19:44.009 [WARN ] eeg.parser.CSVParser$ - Ligne ignorée (id=802) : Valeur non entière pour age : '19.44'
2026-02-26 08:19:44.011 [WARN ] eeg.parser.CSVParser$ - Ligne ignorée (id=803) : Valeur non entière pour age : '61.01'
2026-02-26 08:19:44.011 [WARN ] eeg.parser.CSVParser$ - Ligne ignorée (id=804) : Valeur non entière pour age : '38.12'
2026-02-26 08:19:44.011 [WARN ] eeg.parser.CSVParser$ - Ligne ignorée (id=805) : Valeur non entière pour age : '35.87'
2026-02-26 08:19:44.011 [WARN ] eeg.parser.CSVParser$ - Ligne ignorée (id=806) : Valeur non entière pour age : '31.19'
2026-02-26 08:19:44.011 [WARN ] eeg.parser.CSVParser$ - Ligne ignorée (id=807) : Valeur non entière pour age : '47.29'
2026-02-26 08:19:44.011 [WARN ] eeg.parser.CSVParser$ - Ligne ignorée (id=808) : Valeur non entière pour age : '18.87'
2026-02-26 08:19:44.011 [WARN ] eeg.parser.CSVParser$ - Ligne ignorée (id=809) : Valeur non entière pour age : '41.31'
2026-02-26 08:19:44.013 [WARN ] eeg.parser.CSVParser$ - Ligne ignorée (id=810) : Valeur non entière pour age : '19.71'
2026-02-26 08:19:44.013 [WARN ] eeg.parser.CSVParser$ - Ligne ignorée (id=811) : Valeur non entière pour age : '25.98'
2026-02-26 08:19:44.013 [WARN ] eeg.parser.CSVParser$ - Ligne ignorée (id=812) : Valeur non entière pour age : '24.65'
2026-02-26 08:19:44.013 [WARN ] eeg.parser.CSVParser$ - Ligne ignorée (id=813) : Valeur non entière pour age : '24.13'
2026-02-26 08:19:44.013 [WARN ] eeg.parser.CSVParser$ - Ligne ignorée (id=814) : Valeur non entière pour age : '46.1'
2026-02-26 08:19:44.013 [WARN ] eeg.parser.CSVParser$ - Ligne ignorée (id=815) : Valeur non entière pour age : '19.53'
2026-02-26 08:19:44.013 [WARN ] eeg.parser.CSVParser$ - Ligne ignorée (id=816) : Valeur non entière pour age : '20.31'
2026-02-26 08:19:44.013 [WARN ] eeg.parser.CSVParser$ - Ligne ignorée (id=817) : Valeur non entière pour age : '38.29'
2026-02-26 08:19:44.013 [WARN ] eeg.parser.CSVParser$ - Ligne ignorée (id=818) : Valeur non entière pour age : '41.56'
2026-02-26 08:19:44.013 [WARN ] eeg.parser.CSVParser$ - Ligne ignorée (id=819) : Valeur non entière pour age : '35.45'
2026-02-26 08:19:44.013 [WARN ] eeg.parser.CSVParser$ - Ligne ignorée (id=820) : Valeur non entière pour age : '46.89'
2026-02-26 08:19:44.013 [WARN ] eeg.parser.CSVParser$ - Ligne ignorée (id=821) : Valeur non entière pour age : '66.63'
2026-02-26 08:19:44.013 [WARN ] eeg.parser.CSVParser$ - Ligne ignorée (id=822) : Valeur non entière pour age : '48.68'
2026-02-26 08:19:44.013 [WARN ] eeg.parser.CSVParser$ - Ligne ignorée (id=823) : Valeur non entière pour age : '69.21'
2026-02-26 08:19:44.013 [WARN ] eeg.parser.CSVParser$ - Ligne ignorée (id=824) : Valeur non entière pour age : '19.93'
2026-02-26 08:19:44.013 [WARN ] eeg.parser.CSVParser$ - Ligne ignorée (id=825) : Valeur non entière pour age : '61.01'
2026-02-26 08:19:44.013 [WARN ] eeg.parser.CSVParser$ - Ligne ignorée (id=826) : Valeur non entière pour age : '29.59'
2026-02-26 08:19:44.013 [WARN ] eeg.parser.CSVParser$ - Ligne ignorée (id=827) : Valeur non entière pour age : '35.61'
2026-02-26 08:19:44.013 [WARN ] eeg.parser.CSVParser$ - Ligne ignorée (id=828) : Valeur non entière pour age : '38.07'
2026-02-26 08:19:44.013 [WARN ] eeg.parser.CSVParser$ - Ligne ignorée (id=829) : Valeur non entière pour age : '56.12'
2026-02-26 08:19:44.013 [WARN ] eeg.parser.CSVParser$ - Ligne ignorée (id=830) : Valeur non entière pour age : '22.79'
2026-02-26 08:19:44.013 [WARN ] eeg.parser.CSVParser$ - Ligne ignorée (id=831) : Valeur non entière pour age : '19.91'
2026-02-26 08:19:44.013 [WARN ] eeg.parser.CSVParser$ - Ligne ignorée (id=832) : Valeur non entière pour age : '20.16'
2026-02-26 08:19:44.013 [WARN ] eeg.parser.CSVParser$ - Ligne ignorée (id=833) : Valeur non entière pour age : '22.21'
2026-02-26 08:19:44.013 [WARN ] eeg.parser.CSVParser$ - Ligne ignorée (id=834) : Valeur non entière pour age : '27.3'
2026-02-26 08:19:44.013 [WARN ] eeg.parser.CSVParser$ - Ligne ignorée (id=835) : Valeur non entière pour age : '54.25'
2026-02-26 08:19:44.013 [WARN ] eeg.parser.CSVParser$ - Ligne ignorée (id=836) : Valeur non entière pour age : '24.14'
2026-02-26 08:19:44.013 [WARN ] eeg.parser.CSVParser$ - Ligne ignorée (id=837) : Valeur non entière pour age : '22.66'
2026-02-26 08:19:44.013 [WARN ] eeg.parser.CSVParser$ - Ligne ignorée (id=838) : Valeur non entière pour age : '23.27'
2026-02-26 08:19:44.013 [WARN ] eeg.parser.CSVParser$ - Ligne ignorée (id=839) : Valeur non entière pour age : '25.66'
2026-02-26 08:19:44.013 [WARN ] eeg.parser.CSVParser$ - Ligne ignorée (id=840) : Valeur non entière pour age : '55.22'
2026-02-26 08:19:44.013 [WARN ] eeg.parser.CSVParser$ - Ligne ignorée (id=841) : Valeur non entière pour age : '37.14'
2026-02-26 08:19:44.013 [WARN ] eeg.parser.CSVParser$ - Ligne ignorée (id=842) : Valeur non entière pour age : '19.91'
2026-02-26 08:19:44.013 [WARN ] eeg.parser.CSVParser$ - Ligne ignorée (id=843) : Valeur non entière pour age : '59.43'
2026-02-26 08:19:44.013 [WARN ] eeg.parser.CSVParser$ - Ligne ignorée (id=844) : Valeur non entière pour age : '33.53'
2026-02-26 08:19:44.018 [WARN ] eeg.parser.CSVParser$ - Ligne ignorée (id=845) : Valeur non entière pour age : '23.19'
2026-02-26 08:19:44.018 [WARN ] eeg.parser.CSVParser$ - Ligne ignorée (id=846) : Valeur non entière pour age : '21.29'
2026-02-26 08:19:44.018 [WARN ] eeg.parser.CSVParser$ - Ligne ignorée (id=847) : Valeur non entière pour age : '27.72'
2026-02-26 08:19:44.018 [WARN ] eeg.parser.CSVParser$ - Ligne ignorée (id=848) : Valeur non entière pour age : '22.3'
2026-02-26 08:19:44.018 [WARN ] eeg.parser.CSVParser$ - Ligne ignorée (id=849) : Valeur non entière pour age : '21.06'
2026-02-26 08:19:44.018 [WARN ] eeg.parser.CSVParser$ - Ligne ignorée (id=850) : Valeur non entière pour age : '22.16'
2026-02-26 08:19:44.018 [WARN ] eeg.parser.CSVParser$ - Ligne ignorée (id=851) : Valeur non entière pour age : '51.57'
2026-02-26 08:19:44.018 [WARN ] eeg.parser.CSVParser$ - Ligne ignorée (id=852) : Valeur non entière pour age : '30.64'
2026-02-26 08:19:44.018 [WARN ] eeg.parser.CSVParser$ - Ligne ignorée (id=853) : Valeur non entière pour age : '24.15'
2026-02-26 08:19:44.018 [WARN ] eeg.parser.CSVParser$ - Ligne ignorée (id=854) : Valeur non entière pour age : '47.11'
2026-02-26 08:19:44.018 [WARN ] eeg.parser.CSVParser$ - Ligne ignorée (id=855) : Valeur non entière pour age : '22.45'
2026-02-26 08:19:44.018 [WARN ] eeg.parser.CSVParser$ - Ligne ignorée (id=856) : Valeur non entière pour age : '19.2'
2026-02-26 08:19:44.018 [WARN ] eeg.parser.CSVParser$ - Ligne ignorée (id=857) : Valeur non entière pour age : '44.15'
2026-02-26 08:19:44.018 [WARN ] eeg.parser.CSVParser$ - Ligne ignorée (id=858) : Valeur non entière pour age : '21.82'
2026-02-26 08:19:44.018 [WARN ] eeg.parser.CSVParser$ - Ligne ignorée (id=859) : Valeur non entière pour age : '29.1'
2026-02-26 08:19:44.018 [WARN ] eeg.parser.CSVParser$ - Ligne ignorée (id=860) : Valeur non entière pour age : '55.77'
2026-02-26 08:19:44.018 [WARN ] eeg.parser.CSVParser$ - Ligne ignorée (id=861) : Valeur non entière pour age : '20.8'
2026-02-26 08:19:44.020 [WARN ] eeg.parser.CSVParser$ - Ligne ignorée (id=862) : Valeur non entière pour age : '37.54'
2026-02-26 08:19:44.020 [WARN ] eeg.parser.CSVParser$ - Ligne ignorée (id=863) : Valeur non entière pour age : '20.76'
2026-02-26 08:19:44.020 [WARN ] eeg.parser.CSVParser$ - Ligne ignorée (id=864) : Valeur non entière pour age : '39.81'
2026-02-26 08:19:44.020 [WARN ] eeg.parser.CSVParser$ - Ligne ignorée (id=865) : Valeur non entière pour age : '22.74'
2026-02-26 08:19:44.020 [WARN ] eeg.parser.CSVParser$ - Ligne ignorée (id=866) : Valeur non entière pour age : '55.06'
2026-02-26 08:19:44.020 [WARN ] eeg.parser.CSVParser$ - Ligne ignorée (id=867) : Valeur non entière pour age : '61.03'
2026-02-26 08:19:44.020 [WARN ] eeg.parser.CSVParser$ - Ligne ignorée (id=868) : Valeur non entière pour age : '41.03'
2026-02-26 08:19:44.022 [WARN ] eeg.parser.CSVParser$ - Ligne ignorée (id=869) : Valeur non entière pour age : '41.52'
2026-02-26 08:19:44.025 [WARN ] eeg.parser.CSVParser$ - Ligne ignorée (id=870) : Valeur non entière pour age : '45.24'
2026-02-26 08:19:44.025 [WARN ] eeg.parser.CSVParser$ - Ligne ignorée (id=871) : Valeur non entière pour age : '67.73'
2026-02-26 08:19:44.025 [WARN ] eeg.parser.CSVParser$ - Ligne ignorée (id=872) : Valeur non entière pour age : '23.01'
2026-02-26 08:19:44.025 [WARN ] eeg.parser.CSVParser$ - Ligne ignorée (id=873) : Valeur non entière pour age : '19.25'
2026-02-26 08:19:44.025 [WARN ] eeg.parser.CSVParser$ - Ligne ignorée (id=874) : Valeur non entière pour age : '18.96'
2026-02-26 08:19:44.025 [WARN ] eeg.parser.CSVParser$ - Ligne ignorée (id=875) : Valeur non entière pour age : '27.55'
2026-02-26 08:19:44.025 [WARN ] eeg.parser.CSVParser$ - Ligne ignorée (id=876) : Valeur non entière pour age : '24.85'
2026-02-26 08:19:44.025 [WARN ] eeg.parser.CSVParser$ - Ligne ignorée (id=877) : Valeur non entière pour age : '54.52'
2026-02-26 08:19:44.027 [WARN ] eeg.parser.CSVParser$ - Ligne ignorée (id=878) : Valeur non entière pour age : '20.23'
2026-02-26 08:19:44.027 [WARN ] eeg.parser.CSVParser$ - Ligne ignorée (id=879) : Valeur non entière pour age : '18.94'
2026-02-26 08:19:44.027 [WARN ] eeg.parser.CSVParser$ - Ligne ignorée (id=880) : Valeur non entière pour age : '46.15'
2026-02-26 08:19:44.027 [WARN ] eeg.parser.CSVParser$ - Ligne ignorée (id=881) : Valeur non entière pour age : '25.91'
2026-02-26 08:19:44.027 [WARN ] eeg.parser.CSVParser$ - Ligne ignorée (id=882) : Valeur non entière pour age : '39.93'
2026-02-26 08:19:44.027 [WARN ] eeg.parser.CSVParser$ - Ligne ignorée (id=883) : Valeur non entière pour age : '27.05'
2026-02-26 08:19:44.027 [WARN ] eeg.parser.CSVParser$ - Ligne ignorée (id=884) : Valeur non entière pour age : '23.44'
2026-02-26 08:19:44.029 [WARN ] eeg.parser.CSVParser$ - Ligne ignorée (id=885) : Valeur non entière pour age : '23.82'
2026-02-26 08:19:44.029 [WARN ] eeg.parser.CSVParser$ - Ligne ignorée (id=886) : Valeur non entière pour age : '38.72'
2026-02-26 08:19:44.029 [WARN ] eeg.parser.CSVParser$ - Ligne ignorée (id=887) : Valeur non entière pour age : '58.8'
2026-02-26 08:19:44.029 [WARN ] eeg.parser.CSVParser$ - Ligne ignorée (id=888) : Valeur non entière pour age : '30.22'
2026-02-26 08:19:44.029 [WARN ] eeg.parser.CSVParser$ - Ligne ignorée (id=889) : Valeur non entière pour age : '27.13'
2026-02-26 08:19:44.029 [WARN ] eeg.parser.CSVParser$ - Ligne ignorée (id=890) : Valeur non entière pour age : '31.84'
2026-02-26 08:19:44.029 [WARN ] eeg.parser.CSVParser$ - Ligne ignorée (id=891) : Valeur non entière pour age : '30.67'
2026-02-26 08:19:44.029 [WARN ] eeg.parser.CSVParser$ - Ligne ignorée (id=892) : Valeur non entière pour age : '24.83'
2026-02-26 08:19:44.031 [WARN ] eeg.parser.CSVParser$ - Ligne ignorée (id=893) : Valeur non entière pour age : '39.37'
2026-02-26 08:19:44.031 [WARN ] eeg.parser.CSVParser$ - Ligne ignorée (id=894) : Valeur non entière pour age : '19.29'
2026-02-26 08:19:44.031 [WARN ] eeg.parser.CSVParser$ - Ligne ignorée (id=895) : Valeur non entière pour age : '49.01'
2026-02-26 08:19:44.031 [WARN ] eeg.parser.CSVParser$ - Ligne ignorée (id=896) : Valeur non entière pour age : '25.01'
2026-02-26 08:19:44.031 [WARN ] eeg.parser.CSVParser$ - Ligne ignorée (id=897) : Valeur non entière pour age : '69.54'
2026-02-26 08:19:44.031 [WARN ] eeg.parser.CSVParser$ - Ligne ignorée (id=898) : Valeur non entière pour age : '44.65'
2026-02-26 08:19:44.031 [WARN ] eeg.parser.CSVParser$ - Ligne ignorée (id=899) : Valeur non entière pour age : '70.05'
2026-02-26 08:19:44.031 [WARN ] eeg.parser.CSVParser$ - Ligne ignorée (id=900) : Valeur non entière pour age : '31.85'
2026-02-26 08:19:44.031 [WARN ] eeg.parser.CSVParser$ - Ligne ignorée (id=901) : Valeur non entière pour age : '53.67'
2026-02-26 08:19:44.031 [WARN ] eeg.parser.CSVParser$ - Ligne ignorée (id=902) : Valeur non entière pour age : '29.56'
2026-02-26 08:19:44.031 [WARN ] eeg.parser.CSVParser$ - Ligne ignorée (id=903) : Valeur non entière pour age : '19.35'
2026-02-26 08:19:44.031 [WARN ] eeg.parser.CSVParser$ - Ligne ignorée (id=904) : Valeur non entière pour age : '46.8'
2026-02-26 08:19:44.031 [WARN ] eeg.parser.CSVParser$ - Ligne ignorée (id=905) : Valeur non entière pour age : '24.13'
2026-02-26 08:19:44.031 [WARN ] eeg.parser.CSVParser$ - Ligne ignorée (id=906) : Valeur non entière pour age : '26.14'
2026-02-26 08:19:44.031 [WARN ] eeg.parser.CSVParser$ - Ligne ignorée (id=907) : Valeur non entière pour age : '22.05'
2026-02-26 08:19:44.033 [WARN ] eeg.parser.CSVParser$ - Ligne ignorée (id=908) : Valeur non entière pour age : '29.97'
2026-02-26 08:19:44.033 [WARN ] eeg.parser.CSVParser$ - Ligne ignorée (id=909) : Valeur non entière pour age : '20.06'
2026-02-26 08:19:44.033 [WARN ] eeg.parser.CSVParser$ - Ligne ignorée (id=910) : Valeur non entière pour age : '22.33'
2026-02-26 08:19:44.033 [WARN ] eeg.parser.CSVParser$ - Ligne ignorée (id=911) : Valeur non entière pour age : '21.26'
2026-02-26 08:19:44.033 [WARN ] eeg.parser.CSVParser$ - Ligne ignorée (id=912) : Valeur non entière pour age : '31.34'
2026-02-26 08:19:44.033 [WARN ] eeg.parser.CSVParser$ - Ligne ignorée (id=913) : Valeur non entière pour age : '19.66'
2026-02-26 08:19:44.033 [WARN ] eeg.parser.CSVParser$ - Ligne ignorée (id=914) : Valeur non entière pour age : '53.33'
2026-02-26 08:19:44.033 [WARN ] eeg.parser.CSVParser$ - Ligne ignorée (id=915) : Valeur non entière pour age : '28.72'
2026-02-26 08:19:44.033 [WARN ] eeg.parser.CSVParser$ - Ligne ignorée (id=916) : Valeur non entière pour age : '30.4'
2026-02-26 08:19:44.033 [WARN ] eeg.parser.CSVParser$ - Ligne ignorée (id=917) : Valeur non entière pour age : '27.19'
2026-02-26 08:19:44.033 [WARN ] eeg.parser.CSVParser$ - Ligne ignorée (id=918) : Valeur non entière pour age : '52.98'
2026-02-26 08:19:44.042 [INFO ] eeg.parser.CSVParser$ - Parsing terminé : 235 records valides, 710 ignorés
2026-02-26 08:19:44.048 [INFO ] eeg.cleaner.DataCleaner$ - Démarrage du nettoyage sur 235 records
2026-02-26 08:19:44.244 [INFO ] eeg.cleaner.DataCleaner$ - Nettoyage terminé : 235 records | edu=11 IQ=7 AB=0 COH=0 imputés
2026-02-26 08:19:44.244 [INFO ] eeg.normalizer.DataNormalizer$ - Démarrage de la normalisation sur 235 records
2026-02-26 08:19:44.431 [INFO ] eeg.normalizer.DataNormalizer$ - Normalisation terminée : 235 records
2026-02-26 08:19:44.447 [INFO ] eeg.writer.JsonWriter$ - Écriture JSON vers : output.json
2026-02-26 08:19:44.983 [INFO ] eeg.writer.JsonWriter$ - JSON écrit avec succès
2026-02-26 12:45:08.844 [INFO ] eeg.parser.CSVParser$ - Démarrage du parsing : src/main/resources/dataset/EEG.machinelearing_data_BRMH.csv
2026-02-26 12:45:09.861 [INFO ] eeg.parser.CSVParser$ - 945 lignes trouvées dans le CSV
2026-02-26 12:45:09.868 [INFO ] eeg.parser.CSVParser$ - Features AB: 114, Features COH: 1026
2026-02-26 12:45:10.297 [INFO ] eeg.parser.CSVParser$ - Parsing terminé : 945 records valides, 0 ignorés
2026-02-26 12:45:10.300 [INFO ] eeg.cleaner.DataCleaner$ - Démarrage du nettoyage sur 945 records
2026-02-26 12:45:10.730 [INFO ] eeg.cleaner.DataCleaner$ - Nettoyage terminé : 945 records | edu=15 IQ=13 AB=0 COH=0 imputés
2026-02-26 12:45:10.735 [INFO ] eeg.normalizer.DataNormalizer$ - Démarrage de la normalisation sur 945 records
2026-02-26 12:45:11.323 [INFO ] eeg.normalizer.DataNormalizer$ - Normalisation terminée : 945 records
2026-02-26 12:45:11.343 [INFO ] eeg.writer.JsonWriter$ - Écriture JSON vers : output/clean_eeg.json
2026-02-26 12:45:12.621 [INFO ] eeg.writer.JsonWriter$ - JSON écrit avec succès
